Evidence: /private/tmp/genie-background-web.aif2vO
STAGE tree-unsettled attempt=0
STAGE route ax_web_link by element point 361,749 local 181,314
STAGE route ax_web_link by element point 302,593 local 122,158
{
  "after" : {
    "activations" : 0,
    "blockedNavigations" : 1,
    "isActive" : false,
    "isOnActiveSpace" : true,
    "isVisible" : true,
    "loading" : false,
    "navigations" : 2,
    "title" : "Fixture details page",
    "url" : "http:\/\/127.0.0.1:62016\/second"
  },
  "afterFrameId" : "cv-59a8c768-dfbe-4ba8-8d36-1c0e935f2461",
  "before" : {
    "activations" : 0,
    "blockedNavigations" : 0,
    "isActive" : false,
    "isOnActiveSpace" : true,
    "isVisible" : true,
    "loading" : false,
    "navigations" : 1,
    "title" : "Fixture first page",
    "url" : "http:\/\/127.0.0.1:62016\/first"
  },
  "clipboardUnchanged" : true,
  "cursorUnchanged" : true,
  "foregroundUnchanged" : true,
  "negativeLinksRefused" : 2,
  "receipt" : {
    "deliveryMode" : "background",
    "effect" : "confirmed",
    "route" : "ax_web_link",
    "status" : "applied"
  },
  "replayRefused" : true,
  "requests" : {
    "\/first" : 1,
    "\/second" : 1
  },
  "scope" : "Owned WebKit fixture; test-created grant, not production Safari consent",
  "sentinel" : {
    "activationPolicy" : "accessory",
    "activations" : 0,
    "clicks" : 0,
    "geometry" : {
      "coordinateSystem" : "AppKit points, bottom-left origin",
      "screens" : [
        {
          "height" : 1009,
          "width" : 1728,
          "x" : 0,
          "y" : 75
        }
      ],
      "window" : {
        "height" : 442,
        "width" : 580,
        "x" : 500,
        "y" : 210
      }
    },
    "isActive" : false,
    "isOnActiveSpace" : true,
    "isVisible" : true,
    "occlusionVisible" : true,
    "startupReady" : true,
    "text" : ""
  },
  "status" : "PASS",
  "unknownNavigationNeverResent" : true
}
