✔ background planning uses empty-field AX input, not focus or keyboard fallback (1.009459ms)
✔ background helper cannot call shared input/clipboard or legacy focus helpers (2.724042ms)
✔ 自分が出した分だけを除く（人の入力は抑止窓の中でも数える） (1.026083ms)
✔ 再開は必ず実行世代を進め、明示的な停止は再開しない (0.540208ms)
✔ 送る前の関門は、承認・対象・停止に加えて実行世代を見る (0.661833ms)
✔ 無人試験の経路は出荷ビルドに入らない (0.90775ms)
✔ 背景で失敗しても前面操作へ切り替えない（経路の取り違えを静的に禁じる） (0.408375ms)
✔ append retains native current-value binding and exact post-write readback without enabling replacement (0.639292ms)
✔ actual before/after image references go to the action verifier; goal gets a NEW frame (2.888375ms)
✔ a model saying done is not sufficient (0.435291ms)
✔ pointer motion or a changed image hash alone is never completion (0.312917ms)
✔ target changes stop before the next model call (0.1335ms)
✔ aborted input never reaches the device or model (0.299ms)
✔ cancellation during a nonresponsive model prevents later action (3.977375ms)
✔ an empty approval object is not approval and does not capture (0.190458ms)
✔ expired and wrong-operation approvals are refused (0.159958ms)
✔ external screenshot egress needs separate opt-in BEFORE capture (0.165458ms)
✔ unavailable selected model does not silently fall back (0.135875ms)
✔ action limit is enforced (0.327166ms)
✔ ambiguous input failure is not automatically retried (0.21225ms)
✔ locally cancelled action stops, not replans (0.146792ms)
✔ duplicate request is refused by durable claim (0.230625ms)
✔ uncertain visual verification cannot return success (0.174583ms)
✔ an uncertain verdict spends the replan budget instead of stopping at once (0.181083ms)
✔ an uncertain verdict that later resolves completes the run (0.111834ms)
✔ a low-confidence satisfied verdict never completes the run (0.142ms)
✔ a blocked verdict stops immediately and is not re-asked (0.102916ms)
✔ a malformed verdict is re-asked with the rejection code, then accepted (0.112375ms)
✔ a stopped run records its reason and audit beside the claim (0.223917ms)
✔ a verdict that never takes shape stops the run (0.509416ms)
✔ the planner is told how many inputs it already sent, and on which targets (0.251792ms)
✔ a fresh run says nothing about progress (0.034083ms)
✔ the audit records which element an action was sent to (0.149542ms)
✔ a route refusal is replanned with the reason, not treated as the end (0.585708ms)
✔ a policy refusal ends the run and is never retried (0.218666ms)
✔ two different elements are not mistaken for a repeated action (0.245125ms)
✔ a route refusal tells the planner to change its approach, a malformed reply to fix its JSON (0.12425ms)
✔ a model slower than the freshness window stops as too slow, not as a stale frame (0.176708ms)
✔ one slow decision is retried, not called too slow (0.166042ms)
✔ an echoed old frame id is re-asked instead of ending the run (0.171833ms)
✔ a decision without a frame id is taken as being about the frame just sent (0.144875ms)
✔ a decision naming a different frame is still refused as stale (0.134417ms)
✔ image pixels map correctly with Retina scale and negative monitor origin (0.06875ms)
✔ old screenshot and NaN geometry are rejected (0.07025ms)
✔ stale frame-id, out-of-bounds and low-confidence grounding are rejected (0.095125ms)
✔ shell / Enter / arbitrary modifiers are not action capabilities (0.090458ms)
✔ control text is rejected; Japanese and non-BMP emoji are preserved (0.121208ms)
✔ unknown model fields are not forwarded to helper (0.028916ms)
✔ goal verdict must reference latest frame and concrete evidence (0.04525ms)
✔ audit does not retain screenshot paths, typed text, or model evidence (0.16475ms)
✔ prompts separate goal from untrusted screen instructions and require real pixels (0.043ms)
✔ 成功条件を確かめられる単位に分ける（分けられないものは 1 つのまま） (0.246458ms)
✔ 確認が断った理由と未達成の条件が、次の計画へ戻る (0.241541ms)
✔ 未達成の条件が挙がらなければ、全部が未達成のまま（部分的な結果を完了にしない） (0.034666ms)
✔ 自信の足りない「できた」は、条件を満たしたことにしない (0.029708ms)
✔ 人が割り込んだら、人を止めずにこちらだけ待ち、手が空いたら続ける (3005.300125ms)
✔ 再開できない装置では、割り込みはこれまでどおりその場で停止する (0.715167ms)
✔ 割り込みで失効した世代の操作は、送らずに撮り直す（再送しない） (1004.9665ms)
✔ 前へ進んだ操作は作り直しの持ち分を戻す（序盤のつまずきで打ち切らない） (1.980834ms)
✔ 評価のための答えや採点先は、計画するモデルへ渡らない (0.996916ms)
✔ 入力を送ったあとに止まったら、送ったことを先に伝える（取り消せるとは言わない） (0.669458ms)
✔ 入力を 1 つも送っていない停止には、その断りを付けない (0.711958ms)
✔ a wrong-field write is refused before delivery, without trying another field (1.041833ms)
✔ both text routes need a confident current-frame target verdict before input (4.832208ms)
✔ target verification uses the selected provider and its existing call budget (0.769875ms)
✔ text input without a native target preview capability fails before verification or delivery (0.36ms)
✔ native preview binding and canonical writable identity are required before a verifier sees it (3.26375ms)
✔ coordinate writes verify the resolved field crop and deliver that same canonical field (0.590625ms)
✔ approval expiry or cancellation during read-only preview prevents verification and input (0.641125ms)
✔ interruption during read-only preview discards the old proposal and obtains a fresh proof (1003.002541ms)
✔ approval expiry or cancellation during target checking prevents input (2.119209ms)
✔ a target verdict that aged its frame is discarded and checked again on a fresh frame (0.847125ms)
✔ a failed capture after delivery still records and discloses the sent input (0.400542ms)
✔ a failed effect verifier still records and discloses the sent input (0.420375ms)
✔ a possibly partial input stops without retry and is disclosed as delivery unknown (2.957708ms)
✔ cancelling an in-flight apply preserves an unknown-delivery audit row (0.474167ms)
✔ a definite native pre-dispatch refusal records no delivered or unknown input (2.351916ms)
✔ the target-check prompt checks the exact destination and text against the user request (0.189291ms)
✔ copying the target verifier response schema preserves the actual current frame identity (0.308958ms)
✔ explicit append is background-only, never replacement, and reaches both target check and delivery (0.806125ms)
✔ coordinate grounding reaches the 61st native field without expanding public candidate context (0.430041ms)
✔ unlisted preview requires native text-role attestation and the exact requested point (0.355667ms)
✔ scroll contract allows background vertical navigation only and never accepts model distance (0.428667ms)
✔ scroll verifies the exact preview then keeps native offset readback and still verifies the goal (0.418667ms)
✔ missing, stationary, reversed or excessive scroll readback is unknown and never resent (1.466333ms)
✔ scroll edge or unsupported geometry is an unsent refusal with no alternate delivery retry (0.447209ms)
ℹ tests 86
ℹ suites 0
ℹ pass 86
ℹ fail 0
ℹ cancelled 0
ℹ skipped 0
ℹ todo 0
ℹ duration_ms 5123.880458
