✔ background planning uses empty-field AX input, not focus or keyboard fallback (1.096083ms)
✔ background helper cannot call shared input/clipboard or legacy focus helpers (2.23475ms)
✔ 自分が出した分だけを除く（人の入力は抑止窓の中でも数える） (0.946833ms)
✔ 再開は必ず実行世代を進め、明示的な停止は再開しない (0.591416ms)
✔ 送る前の関門は、承認・対象・停止に加えて実行世代を見る (0.834833ms)
✔ 無人試験の経路は出荷ビルドに入らない (1.074125ms)
✔ 背景で失敗しても前面操作へ切り替えない（経路の取り違えを静的に禁じる） (0.539875ms)
✔ append retains native current-value binding and exact post-write readback without enabling replacement (0.67975ms)
✔ actual before/after image references go to the action verifier; goal gets a NEW frame (3.175542ms)
✔ a model saying done is not sufficient (0.528416ms)
✔ pointer motion or a changed image hash alone is never completion (0.402958ms)
✔ target changes stop before the next model call (0.196167ms)
✔ aborted input never reaches the device or model (0.224625ms)
✔ cancellation during a nonresponsive model prevents later action (3.786542ms)
✔ an empty approval object is not approval and does not capture (0.174375ms)
✔ expired and wrong-operation approvals are refused (0.138125ms)
✔ external screenshot egress needs separate opt-in BEFORE capture (0.121542ms)
✔ unavailable selected model does not silently fall back (0.118ms)
✔ action limit is enforced (0.274417ms)
✔ ambiguous input failure is not automatically retried (0.228167ms)
✔ locally cancelled action stops, not replans (0.166042ms)
✔ duplicate request is refused by durable claim (0.218667ms)
✔ uncertain visual verification cannot return success (0.191541ms)
✔ an uncertain verdict spends the replan budget instead of stopping at once (0.167375ms)
✔ an uncertain verdict that later resolves completes the run (0.121708ms)
✔ a low-confidence satisfied verdict never completes the run (0.153917ms)
✔ a blocked verdict stops immediately and is not re-asked (0.095166ms)
✔ a malformed verdict is re-asked with the rejection code, then accepted (0.118208ms)
✔ a stopped run records its reason and audit beside the claim (0.190042ms)
✔ a verdict that never takes shape stops the run (0.156167ms)
✔ the planner is told how many inputs it already sent, and on which targets (0.226792ms)
✔ a fresh run says nothing about progress (0.056416ms)
✔ the audit records which element an action was sent to (0.489834ms)
✔ a route refusal is replanned with the reason, not treated as the end (0.417292ms)
✔ a policy refusal ends the run and is never retried (0.127166ms)
✔ two different elements are not mistaken for a repeated action (0.164708ms)
✔ a route refusal tells the planner to change its approach, a malformed reply to fix its JSON (0.082041ms)
✔ a model slower than the freshness window stops as too slow, not as a stale frame (0.170792ms)
✔ one slow decision is retried, not called too slow (0.13425ms)
✔ an echoed old frame id is re-asked instead of ending the run (0.142375ms)
✔ a decision without a frame id is taken as being about the frame just sent (0.124041ms)
✔ a decision naming a different frame is still refused as stale (0.115125ms)
✔ image pixels map correctly with Retina scale and negative monitor origin (0.054125ms)
✔ old screenshot and NaN geometry are rejected (0.058792ms)
✔ stale frame-id, out-of-bounds and low-confidence grounding are rejected (0.086083ms)
✔ shell / Enter / arbitrary modifiers are not action capabilities (0.067791ms)
✔ control text is rejected; Japanese and non-BMP emoji are preserved (0.108583ms)
✔ unknown model fields are not forwarded to helper (0.02625ms)
✔ goal verdict must reference latest frame and concrete evidence (0.044709ms)
✔ audit does not retain screenshot paths, typed text, or model evidence (0.14ms)
✔ prompts separate goal from untrusted screen instructions and require real pixels (0.044375ms)
✔ 成功条件を確かめられる単位に分ける（分けられないものは 1 つのまま） (0.261709ms)
✔ 確認が断った理由と未達成の条件が、次の計画へ戻る (0.231875ms)
✔ 未達成の条件が挙がらなければ、全部が未達成のまま（部分的な結果を完了にしない） (0.037167ms)
✔ 自信の足りない「できた」は、条件を満たしたことにしない (0.034375ms)
✔ 人が割り込んだら、人を止めずにこちらだけ待ち、手が空いたら続ける (3004.465208ms)
✔ 再開できない装置では、割り込みはこれまでどおりその場で停止する (0.649458ms)
✔ 割り込みで失効した世代の操作は、送らずに撮り直す（再送しない） (1003.440833ms)
✔ 前へ進んだ操作は作り直しの持ち分を戻す（序盤のつまずきで打ち切らない） (2.007ms)
✔ 評価のための答えや採点先は、計画するモデルへ渡らない (3.978208ms)
✔ 入力を送ったあとに止まったら、送ったことを先に伝える（取り消せるとは言わない） (1.30725ms)
✔ 入力を 1 つも送っていない停止には、その断りを付けない (0.462209ms)
✔ a wrong-field write is refused before delivery, without trying another field (0.581041ms)
✔ both text routes need a confident current-frame target verdict before input (4.40875ms)
✔ target verification uses the selected provider and its existing call budget (0.710375ms)
✔ text input without a native target preview capability fails before verification or delivery (0.224375ms)
✔ native preview binding and canonical writable identity are required before a verifier sees it (3.264209ms)
✔ coordinate writes verify the resolved field crop and deliver that same canonical field (0.749167ms)
✔ approval expiry or cancellation during read-only preview prevents verification and input (0.68075ms)
✔ interruption during read-only preview discards the old proposal and obtains a fresh proof (1001.946708ms)
✔ approval expiry or cancellation during target checking prevents input (1.004792ms)
✔ a target verdict that aged its frame is discarded and checked again on a fresh frame (0.3865ms)
✔ a failed capture after delivery still records and discloses the sent input (0.222916ms)
✔ a failed effect verifier still records and discloses the sent input (0.228125ms)
✔ a possibly partial input stops without retry and is disclosed as delivery unknown (1.358584ms)
✔ cancelling an in-flight apply preserves an unknown-delivery audit row (0.502333ms)
✔ a definite native pre-dispatch refusal records no delivered or unknown input (0.857292ms)
✔ the target-check prompt checks the exact destination and text against the user request (0.114875ms)
✔ copying the target verifier response schema preserves the actual current frame identity (0.230125ms)
✔ explicit append is background-only, never replacement, and reaches both target check and delivery (0.974333ms)
✔ coordinate grounding reaches the 61st native field without expanding public candidate context (0.326041ms)
✔ unlisted preview requires native text-role attestation and the exact requested point (0.27725ms)
ℹ tests 82
ℹ suites 0
ℹ pass 82
ℹ fail 0
ℹ cancelled 0
ℹ skipped 0
ℹ todo 0
ℹ duration_ms 5106.643291
