✔ background planning uses empty-field AX input, not focus or keyboard fallback (1.1795ms)
✔ background helper cannot call shared input/clipboard or legacy focus helpers (2.263291ms)
✔ 自分が出した分だけを除く（人の入力は抑止窓の中でも数える） (0.956958ms)
✔ 再開は必ず実行世代を進め、明示的な停止は再開しない (0.421542ms)
✔ 送る前の関門は、承認・対象・停止に加えて実行世代を見る (0.566916ms)
✔ 無人試験の経路は出荷ビルドに入らない (0.953833ms)
✔ 背景で失敗しても前面操作へ切り替えない（経路の取り違えを静的に禁じる） (0.439459ms)
✔ append retains native current-value binding and exact post-write readback without enabling replacement (0.51425ms)
✔ actual before/after image references go to the action verifier; goal gets a NEW frame (2.862625ms)
✔ a model saying done is not sufficient (0.493416ms)
✔ pointer motion or a changed image hash alone is never completion (0.329041ms)
✔ target changes stop before the next model call (0.151292ms)
✔ aborted input never reaches the device or model (0.167375ms)
✔ cancellation during a nonresponsive model prevents later action (3.34725ms)
✔ an empty approval object is not approval and does not capture (0.174584ms)
✔ expired and wrong-operation approvals are refused (0.148333ms)
✔ external screenshot egress needs separate opt-in BEFORE capture (0.119583ms)
✔ unavailable selected model does not silently fall back (0.120542ms)
✔ action limit is enforced (0.345959ms)
✔ ambiguous input failure is not automatically retried (0.210042ms)
✔ locally cancelled action stops, not replans (0.178375ms)
✔ duplicate request is refused by durable claim (0.237208ms)
✔ uncertain visual verification cannot return success (0.195042ms)
✔ an uncertain verdict spends the replan budget instead of stopping at once (0.163833ms)
✔ an uncertain verdict that later resolves completes the run (0.137ms)
✔ a low-confidence satisfied verdict never completes the run (0.159458ms)
✔ a blocked verdict stops immediately and is not re-asked (0.112042ms)
✔ a malformed verdict is re-asked with the rejection code, then accepted (0.133667ms)
✔ a stopped run records its reason and audit beside the claim (0.21575ms)
✔ a verdict that never takes shape stops the run (0.157625ms)
✔ the planner is told how many inputs it already sent, and on which targets (0.273708ms)
✔ a fresh run says nothing about progress (0.053666ms)
✔ the audit records which element an action was sent to (0.565584ms)
✔ a route refusal is replanned with the reason, not treated as the end (0.501292ms)
✔ a policy refusal ends the run and is never retried (0.144542ms)
✔ two different elements are not mistaken for a repeated action (0.190834ms)
✔ a route refusal tells the planner to change its approach, a malformed reply to fix its JSON (0.10175ms)
✔ a model slower than the freshness window stops as too slow, not as a stale frame (0.172209ms)
✔ one slow decision is retried, not called too slow (0.163125ms)
✔ an echoed old frame id is re-asked instead of ending the run (0.158917ms)
✔ a decision without a frame id is taken as being about the frame just sent (0.128791ms)
✔ a decision naming a different frame is still refused as stale (0.138875ms)
✔ image pixels map correctly with Retina scale and negative monitor origin (0.068916ms)
✔ old screenshot and NaN geometry are rejected (0.069834ms)
✔ stale frame-id, out-of-bounds and low-confidence grounding are rejected (0.097583ms)
✔ shell / Enter / arbitrary modifiers are not action capabilities (0.075833ms)
✔ control text is rejected; Japanese and non-BMP emoji are preserved (0.134542ms)
✔ unknown model fields are not forwarded to helper (0.035333ms)
✔ goal verdict must reference latest frame and concrete evidence (0.04925ms)
✔ audit does not retain screenshot paths, typed text, or model evidence (0.167208ms)
✔ prompts separate goal from untrusted screen instructions and require real pixels (0.049042ms)
✔ 成功条件を確かめられる単位に分ける（分けられないものは 1 つのまま） (0.275375ms)
✔ 確認が断った理由と未達成の条件が、次の計画へ戻る (0.259709ms)
✔ 未達成の条件が挙がらなければ、全部が未達成のまま（部分的な結果を完了にしない） (0.036417ms)
✔ 自信の足りない「できた」は、条件を満たしたことにしない (0.02975ms)
✔ 人が割り込んだら、人を止めずにこちらだけ待ち、手が空いたら続ける (3004.017416ms)
✔ 再開できない装置では、割り込みはこれまでどおりその場で停止する (0.342125ms)
✔ 割り込みで失効した世代の操作は、送らずに撮り直す（再送しない） (1001.650375ms)
✔ 前へ進んだ操作は作り直しの持ち分を戻す（序盤のつまずきで打ち切らない） (0.464166ms)
✔ 評価のための答えや採点先は、計画するモデルへ渡らない (0.299416ms)
✔ 入力を送ったあとに止まったら、送ったことを先に伝える（取り消せるとは言わない） (0.186792ms)
✔ 入力を 1 つも送っていない停止には、その断りを付けない (0.097583ms)
✔ a wrong-field write is refused before delivery, without trying another field (0.218916ms)
✔ both text routes need a confident current-frame target verdict before input (1.777542ms)
✔ target verification uses the selected provider and its existing call budget (0.31225ms)
✔ text input without a native target preview capability fails before verification or delivery (0.129833ms)
✔ native preview binding and canonical writable identity are required before a verifier sees it (1.74525ms)
✔ coordinate writes verify the resolved field crop and deliver that same canonical field (0.321708ms)
✔ approval expiry or cancellation during read-only preview prevents verification and input (0.309ms)
✔ interruption during read-only preview discards the old proposal and obtains a fresh proof (1001.448125ms)
✔ approval expiry or cancellation during target checking prevents input (0.494958ms)
✔ a target verdict that aged its frame is discarded and checked again on a fresh frame (0.217209ms)
✔ a failed capture after delivery still records and discloses the sent input (0.130792ms)
✔ a failed effect verifier still records and discloses the sent input (0.124875ms)
✔ a possibly partial input stops without retry and is disclosed as delivery unknown (0.770541ms)
✔ cancelling an in-flight apply preserves an unknown-delivery audit row (0.573ms)
✔ a definite native pre-dispatch refusal records no delivered or unknown input (0.6625ms)
✔ the target-check prompt checks the exact destination and text against the user request (0.094958ms)
✔ copying the target verifier response schema preserves the actual current frame identity (0.81275ms)
✔ explicit append is background-only, never replacement, and reaches both target check and delivery (0.645583ms)
✔ coordinate grounding reaches the 61st native field without expanding public candidate context (0.237333ms)
✔ unlisted preview requires native text-role attestation and the exact requested point (0.196459ms)
ℹ tests 82
ℹ suites 0
ℹ pass 82
ℹ fail 0
ℹ cancelled 0
ℹ skipped 0
ℹ todo 0
ℹ duration_ms 5090.949
