✔ background planning uses empty-field AX input, not focus or keyboard fallback (1.093958ms)
✔ background helper cannot call shared input/clipboard or legacy focus helpers (2.403ms)
✔ 自分が出した分だけを除く（人の入力は抑止窓の中でも数える） (1.077166ms)
✔ 再開は必ず実行世代を進め、明示的な停止は再開しない (0.504541ms)
✔ 送る前の関門は、承認・対象・停止に加えて実行世代を見る (0.672917ms)
✔ 無人試験の経路は出荷ビルドに入らない (0.971042ms)
✔ 背景で失敗しても前面操作へ切り替えない（経路の取り違えを静的に禁じる） (0.459792ms)
✔ append retains native current-value binding and exact post-write readback without enabling replacement (0.693416ms)
✔ native scroll adapter: confirmed native receipt (253.689417ms)
✔ native scroll adapter: missing native receipt (234.7875ms)
✔ native scroll adapter: unconfirmed dispatch (291.520333ms)
✔ native scroll adapter: wrong direction (258.87775ms)
✔ actual before/after image references go to the action verifier; goal gets a NEW frame (3.485375ms)
✔ a model saying done is not sufficient (0.566625ms)
✔ pointer motion or a changed image hash alone is never completion (0.402416ms)
✔ target changes stop before the next model call (0.158083ms)
✔ aborted input never reaches the device or model (0.198167ms)
✔ cancellation during a nonresponsive model prevents later action (3.856334ms)
✔ an empty approval object is not approval and does not capture (0.252375ms)
✔ expired and wrong-operation approvals are refused (0.16475ms)
✔ external screenshot egress needs separate opt-in BEFORE capture (0.134791ms)
✔ unavailable selected model does not silently fall back (0.12575ms)
✔ action limit is enforced (0.351125ms)
✔ ambiguous input failure is not automatically retried (0.215375ms)
✔ locally cancelled action stops, not replans (0.171583ms)
✔ duplicate request is refused by durable claim (0.319666ms)
✔ uncertain visual verification cannot return success (0.221042ms)
✔ an uncertain verdict spends the replan budget instead of stopping at once (0.1785ms)
✔ an uncertain verdict that later resolves completes the run (0.111792ms)
✔ a low-confidence satisfied verdict never completes the run (0.154916ms)
✔ a blocked verdict stops immediately and is not re-asked (0.1025ms)
✔ a malformed verdict is re-asked with the rejection code, then accepted (0.115459ms)
✔ a stopped run records its reason and audit beside the claim (0.831209ms)
✔ a verdict that never takes shape stops the run (0.226959ms)
✔ the planner is told how many inputs it already sent, and on which targets (0.271542ms)
✔ a fresh run says nothing about progress (0.035583ms)
✔ the audit records which element an action was sent to (0.213542ms)
✔ a route refusal is replanned with the reason, not treated as the end (0.481958ms)
✔ a policy refusal ends the run and is never retried (0.160833ms)
✔ two different elements are not mistaken for a repeated action (0.178625ms)
✔ a route refusal tells the planner to change its approach, a malformed reply to fix its JSON (0.097208ms)
✔ a model slower than the freshness window stops as too slow, not as a stale frame (0.168417ms)
✔ one slow decision is retried, not called too slow (0.157042ms)
✔ an echoed old frame id is re-asked instead of ending the run (0.168958ms)
✔ a decision without a frame id is taken as being about the frame just sent (0.133083ms)
✔ a decision naming a different frame is still refused as stale (0.138166ms)
✔ image pixels map correctly with Retina scale and negative monitor origin (0.064334ms)
✔ old screenshot and NaN geometry are rejected (0.066541ms)
✔ stale frame-id, out-of-bounds and low-confidence grounding are rejected (0.097625ms)
✔ shell / Enter / arbitrary modifiers are not action capabilities (0.088875ms)
✔ control text is rejected; Japanese and non-BMP emoji are preserved (0.126625ms)
✔ unknown model fields are not forwarded to helper (0.032416ms)
✔ goal verdict must reference latest frame and concrete evidence (0.050083ms)
✔ audit does not retain screenshot paths, typed text, or model evidence (0.168958ms)
✔ prompts separate goal from untrusted screen instructions and require real pixels (0.04375ms)
✔ 成功条件を確かめられる単位に分ける（分けられないものは 1 つのまま） (0.249833ms)
✔ 確認が断った理由と未達成の条件が、次の計画へ戻る (0.262416ms)
✔ 未達成の条件が挙がらなければ、全部が未達成のまま（部分的な結果を完了にしない） (0.033208ms)
✔ 自信の足りない「できた」は、条件を満たしたことにしない (0.03125ms)
✔ 人が割り込んだら、人を止めずにこちらだけ待ち、手が空いたら続ける (3003.8ms)
✔ 再開できない装置では、割り込みはこれまでどおりその場で停止する (0.330375ms)
✔ 割り込みで失効した世代の操作は、送らずに撮り直す（再送しない） (1000.630125ms)
✔ 前へ進んだ操作は作り直しの持ち分を戻す（序盤のつまずきで打ち切らない） (0.447208ms)
✔ 評価のための答えや採点先は、計画するモデルへ渡らない (0.2985ms)
✔ 入力を送ったあとに止まったら、送ったことを先に伝える（取り消せるとは言わない） (0.188917ms)
✔ 入力を 1 つも送っていない停止には、その断りを付けない (0.095083ms)
✔ a wrong-field write is refused before delivery, without trying another field (0.214416ms)
✔ both text routes need a confident current-frame target verdict before input (1.515875ms)
✔ target verification uses the selected provider and its existing call budget (0.251042ms)
✔ text input without a native target preview capability fails before verification or delivery (0.114083ms)
✔ native preview binding and canonical writable identity are required before a verifier sees it (1.518125ms)
✔ coordinate writes verify the resolved field crop and deliver that same canonical field (0.282084ms)
✔ approval expiry or cancellation during read-only preview prevents verification and input (0.314833ms)
✔ interruption during read-only preview discards the old proposal and obtains a fresh proof (1001.486375ms)
✔ approval expiry or cancellation during target checking prevents input (0.52075ms)
✔ a target verdict that aged its frame is discarded and checked again on a fresh frame (0.221584ms)
✔ a failed capture after delivery still records and discloses the sent input (0.133625ms)
✔ a failed effect verifier still records and discloses the sent input (0.127208ms)
✔ a possibly partial input stops without retry and is disclosed as delivery unknown (1.147792ms)
✔ cancelling an in-flight apply preserves an unknown-delivery audit row (0.174208ms)
✔ a definite native pre-dispatch refusal records no delivered or unknown input (0.547625ms)
✔ the target-check prompt checks the exact destination and text against the user request (0.066916ms)
✔ copying the target verifier response schema preserves the actual current frame identity (0.135875ms)
✔ explicit append is background-only, never replacement, and reaches both target check and delivery (0.306792ms)
✔ coordinate grounding reaches the 61st native field without expanding public candidate context (0.199625ms)
✔ unlisted preview requires native text-role attestation and the exact requested point (0.182917ms)
✔ scroll contract allows background vertical navigation only and never accepts model distance (0.227209ms)
✔ scroll verifies the exact preview then keeps native offset readback and still verifies the goal (0.211666ms)
✔ missing, stationary, reversed or excessive scroll readback is unknown and never resent (0.720917ms)
✔ scroll edge or unsupported geometry is an unsent refusal with no alternate delivery retry (0.306458ms)
ℹ tests 90
ℹ suites 0
ℹ pass 90
ℹ fail 0
ℹ cancelled 0
ℹ skipped 0
ℹ todo 0
ℹ duration_ms 5094.400834
