SELFTEST_OK record: closed=1 fragmentBytes=160000 elapsed=00:05 recoverable=1
SELFTEST_OK lifecycle: elapsed=00:05 recovered=true
SELFTEST_OK shortcut: registered=true combo=⌥Space matcher=ok receivedSyntheticPress=true
SELFTEST_OK sysaudio: capturesAudio=true sampleRate=48000 channels=2 excludesSelf=true
SELFTEST_OK calendar: status=未確認 upcoming=0
SELFTEST_OK screen: width=1280 height=800 pixelFormat=BGRA audio=false
SELFTEST_OK rag: order=a,c,b topScore=1.00 reason=語が 1 件一致 · 新しい · このプロジェクト
SELFTEST_OK keychain: roundtrip ok, absent=nil, delete idempotent, service=com.astra.mac
SELFTEST_OK files: candidates=2(binary除外) top=oauth.txt score=0.72
SELFTEST_OK ax: trusted=true selection=nil candidates=0
SELFTEST_OK speech: auth=0 onDeviceCapable=true started=false appendedFrames=false serverFallback=never
SELFTEST_OK connector: pkce=S256✓ authorizeUrl✓ nonLoopbackRejected✓ configured=0
SELFTEST_OK permissions: mic=許可済み screen=許可済み ax=許可済み calendar=未確認 speech=0
SELFTEST_OK shape: path matches shared fixture (14 segments); taskDock content 296.0pt fits dockWidth 296.0pt
SELFTEST_OK hudlifecycle: HUD→Recording→保存→HUD 復帰 の window 状態遷移 OK
SELFTEST_OK panel: 全Space=true fullscreen補助=true borderless=true 透過=true notMain=true
SELFTEST_OK render: VoiceHUD:c496/o1.00 IntentBar:c93/o1.00 RecordingIndicator:c166/o1.00 ConfirmationCard:c91/o0.94 MeetingArtifact:c99/o1.00 ResearchResult:c125/o0.81 MeetingSurface:c58/o1.00 LineagePanel:c130/o0.82 ApprovalCard:c107/o0.77 EvidenceSummary:c131/o0.70 WorkSurface:c122/o0.80 ContextLens:c102/o0.88 HomeView:c104/o1.00 RecordingWorkspace:c51/o0.99 MainWindow:c106/o1.00 Settings:c2/o0.11
SELFTEST_OK pause: 停止中は録音が進まない before=5000 pause=5000 resume=10000
SELFTEST_OK timer: 経過が進む running=2 停止で止まる paused=2 再開で進む resumed=3
SELFTEST_OK aiaction: Agent 応答="田中がリリースを 9 月 12 日にすることを提案した。 鈴木が OAuth の…"
NOT_RUN: local_translation_model (explicit ASTRA_VERIFY_LOCAL_MODEL=1 required; may load several GiB)
SELFTEST_OK recovery: 検出→復旧 uploadedBytes=192000 復旧後は候補から消える(stillThere=false)
SELFTEST_OK connectorflow: loopback 受理 code=abc123 state=xyz789 port=55881
SELFTEST_OK connectorstate: mapping ok, canConnect gated by client_id (google env=false)
SELFTEST_OK connectorexchange: Swift→core→実HTTP 交換 tokens 取得+Keychain 保管 (verifier 送信=true)
SELFTEST_OK voiceask: thinking=true→settled Agent 応答="次の予定は金曜日15時のGenieのレビューです。…"
SELFTEST_OK aistop: job=01a0f90f server=CANCELLING local=failed→failed 面=停止の結果:true 成功に変わった:false
SELFTEST_SKIP micrelease: マイクの許可が無い
SELFTEST_OK recoveryoffline: オフライン録音を新規会議に紐付けて復旧 sent=192000 local消滅=true
SELFTEST_SKIP fulllifecycle: mic not granted
SELFTEST_SKIP e2e001: mic not granted
light: SELFTEST_OK shots: 16面を実アプリで撮影・geometry OK・面どうしが別の絵
STATE hover diff=2.629%
STATE focus diff=0.642%
STATE pressed diff=2.558%
SELFTEST_FAIL golden: 01-voice-hud-idle=寸法が違う, 02-voice-hud-listening=寸法が違う, 02b-voice-hud-preparing=寸法が違う, 03-recording-workspace が golden と 1.09% 違う（差分: /tmp/genie-transactions-20261002/full-gate/shots-light/diff/03-recording-workspace-diff.png / 画素 1.46%）, 04-recording-transcript が golden と 1.53% 違う（差分: /tmp/genie-transactions-20261002/full-gate/shots-light/diff/04-recording-transcript-diff.png / 画素 2.17%）, 05-recording-rag が golden と 1.75% 違う（差分: /tmp/genie-transactions-20261002/full-gate/shots-light/diff/05-recording-rag-diff.png / 画素 2.96%）, 08-meeting-detail が golden と 4.86% 違う（差分: /tmp/genie-transactions-20261002/full-gate/shots-light/diff/08-meeting-detail-diff.png / 画素 6.72%）, 09-permission-denied が golden と 1.05% 違う（差分: /tmp/genie-transactions-20261002/full-gate/shots-light/diff/09-permission-denied-diff.png / 画素 1.37%）, 10-agent-timeline が golden と 1.12% 違う（差分: /tmp/genie-transactions-20261002/full-gate/shots-light/diff/10-agent-timeline-diff.png / 画素 1.55%）, 11-meeting-canvas が golden と 2.43% 違う（差分: /tmp/genie-transactions-20261002/full-gate/shots-light/diff/11-meeting-canvas-diff.png / 画素 3.06%）
GOLDEN 03-recording-workspace 1.087%
GOLDEN 04-recording-transcript 1.526%
GOLDEN 05-recording-rag 1.752%
GOLDEN 08-meeting-detail 4.864%
GOLDEN 09-permission-denied 1.052%
GOLDEN 10-agent-timeline 1.122%
GOLDEN 11-meeting-canvas 2.433%
SELFTEST_FAIL golden: 01-voice-hud-idle=寸法が違う, 02-voice-hud-listening=寸法が違う, 02b-voice-hud-preparing=寸法が違う, 03-recording-workspace が golden と 1.09% 違う（差分: /tmp/genie-transactions-20261002/full-gate/shots-light/diff/03-recording-workspace-diff.png / 画素 1.46%）, 04-recording-transcript が golden と 1.53% 違う（差分: /tmp/genie-transactions-20261002/full-gate/shots-light/diff/04-recording-transcript-diff.png / 画素 2.17%）, 05-recording-rag が golden と 1.75% 違う（差分: /tmp/genie-transactions-20261002/full-gate/shots-light/diff/05-recording-rag-diff.png / 画素 2.96%）, 08-meeting-detail が golden と 4.86% 違う（差分: /tmp/genie-transactions-20261002/full-gate/shots-light/diff/08-meeting-detail-diff.png / 画素 6.72%）, 09-permission-denied が golden と 1.05% 違う（差分: /tmp/genie-transactions-20261002/full-gate/shots-light/diff/09-permission-denied-diff.png / 画素 1.37%）, 10-agent-timeline が golden と 1.12% 違う（差分: /tmp/genie-transactions-20261002/full-gate/shots-light/diff/10-agent-timeline-diff.png / 画素 1.55%）, 11-meeting-canvas が golden と 2.43% 違う（差分: /tmp/genie-transactions-20261002/full-gate/shots-light/diff/11-meeting-canvas-diff.png / 画素 3.06%）
FAIL: golden diff (light)
