test_restore_and_non_csharp_failures_never_pass (test_csharp_gate.CSharpGateTests.test_restore_and_non_csharp_failures_never_pass) ... ok
test_failed_dump_preserves_previous_schema (test_dump_schema.DumpSchemaTests.test_failed_dump_preserves_previous_schema) ... ok
test_pg16_and_pg18_have_identical_schema_output (test_dump_schema.DumpSchemaTests.test_pg16_and_pg18_have_identical_schema_output) ... ok
test_invocation_failure_is_not_hidden_by_audio_success (test_ideal_release_gate.ReleaseAggregationTests.test_invocation_failure_is_not_hidden_by_audio_success) ... ok
test_light_failure_is_not_hidden_by_dark_success (test_ideal_release_gate.ReleaseAggregationTests.test_light_failure_is_not_hidden_by_dark_success) ... ok
test_missing_work_identity_is_classified (test_ideal_release_gate.ReleaseAggregationTests.test_missing_work_identity_is_classified) ... ok
test_partial_work_context_cannot_pass_even_with_exit_zero (test_ideal_release_gate.ReleaseAggregationTests.test_partial_work_context_cannot_pass_even_with_exit_zero) ... ok
test_successful_individual_checks_still_pass (test_ideal_release_gate.ReleaseAggregationTests.test_successful_individual_checks_still_pass) ... ok
test_update_failure_is_not_hidden_by_saved_screenshot (test_ideal_release_gate.ReleaseAggregationTests.test_update_failure_is_not_hidden_by_saved_screenshot) ... ok
test_journeys_and_motion_launch_the_signed_app_with_isolated_data (test_journey_launcher.JourneyLauncherTests.test_journeys_and_motion_launch_the_signed_app_with_isolated_data) ... ok
test_regular_developer_bundle_keeps_its_launchservices_identity (test_journey_launcher.JourneyLauncherTests.test_regular_developer_bundle_keeps_its_launchservices_identity) ... ok
test_success_text_cannot_hide_a_crash_or_failed_exit (test_journey_launcher.JourneyLauncherTests.test_success_text_cannot_hide_a_crash_or_failed_exit) ... ok
test_unknown_executable_is_not_launched_as_the_test_app (test_journey_launcher.JourneyLauncherTests.test_unknown_executable_is_not_launched_as_the_test_app) ... ok
test_assertion_failure_cannot_be_hidden_by_cleanup_success (test_live_cleanup.LiveCleanupTests.test_assertion_failure_cannot_be_hidden_by_cleanup_success) ... ok
test_each_cleanup_failure_overrides_success (test_live_cleanup.LiveCleanupTests.test_each_cleanup_failure_overrides_success) ... ok
test_pass_requires_successful_cleanup (test_live_cleanup.LiveCleanupTests.test_pass_requires_successful_cleanup) ... ok
test_gateway_does_not_inherit_seed_or_future_write_grants (test_live_credential_boundary.LiveCredentialBoundaryTests.test_gateway_does_not_inherit_seed_or_future_write_grants) ... ok
test_empty_environment_runs_under_system_bash_nounset (test_macos_recording_env.MacOSRecordingEnvironmentTests.test_empty_environment_runs_under_system_bash_nounset) ... ok
test_forwarded_values_stay_single_arguments (test_macos_recording_env.MacOSRecordingEnvironmentTests.test_forwarded_values_stay_single_arguments) ... ok
test_launch_failure_is_not_reported_as_a_pass (test_macos_recording_env.MacOSRecordingEnvironmentTests.test_launch_failure_is_not_reported_as_a_pass) ... ok
test_network_selftests_use_the_selected_gateway (test_macos_recording_env.MacOSRecordingEnvironmentTests.test_network_selftests_use_the_selected_gateway) ... ok
test_unknown_executable_does_not_enter_recording_or_launchservices (test_macos_recording_env.MacOSRecordingEnvironmentTests.test_unknown_executable_does_not_enter_recording_or_launchservices) ... ok
test_invalid_bundle_or_signature_never_launches (test_privacy_egress_launcher.PrivacyEgressLauncherTests.test_invalid_bundle_or_signature_never_launches) ... ok
test_missing_data_root_uses_disposable_library (test_privacy_egress_launcher.PrivacyEgressLauncherTests.test_missing_data_root_uses_disposable_library) ... ok
test_selected_signed_identity_is_used_with_receipt_and_isolated_configuration (test_privacy_egress_launcher.PrivacyEgressLauncherTests.test_selected_signed_identity_is_used_with_receipt_and_isolated_configuration) ... ok
test_success_marker_cannot_hide_failed_or_missing_normal_exit (test_privacy_egress_launcher.PrivacyEgressLauncherTests.test_success_marker_cannot_hide_failed_or_missing_normal_exit) ... ok
test_unmeasured_and_skipped_stt_remain_partial (test_privacy_egress_launcher.PrivacyEgressLauncherTests.test_unmeasured_and_skipped_stt_remain_partial) ... ok
test_wrong_result_or_failure_is_not_green (test_privacy_egress_launcher.PrivacyEgressLauncherTests.test_wrong_result_or_failure_is_not_green) ... ok
test_skipped_or_failed_mandatory_tests_cannot_pass (test_release_artifact_verdict.ReleaseArtifactVerdictTests.test_skipped_or_failed_mandatory_tests_cannot_pass) ... ok
test_unsigned_or_unstapled_cannot_pass (test_release_artifact_verdict.ReleaseArtifactVerdictTests.test_unsigned_or_unstapled_cannot_pass) ... ok
test_source_and_archive_must_both_match (test_release_provenance.ReleaseProvenanceTests.test_source_and_archive_must_both_match) ... ok
test_nonzero_exit_overrides_pass_marker (test_screenshot_gate.ScreenshotGateTests.test_nonzero_exit_overrides_pass_marker) ... ok
test_only_actual_pass_marker_is_accepted (test_screenshot_gate.ScreenshotGateTests.test_only_actual_pass_marker_is_accepted) ... ok
test_invalid_opt_in_does_not_launch_any_process (test_swift_test_orchestration.SwiftTestOrchestrationTests.test_invalid_opt_in_does_not_launch_any_process) ... ok
test_no_match_wrong_filter_crash_skip_and_assertion_failure_are_not_green (test_swift_test_orchestration.SwiftTestOrchestrationTests.test_no_match_wrong_filter_crash_skip_and_assertion_failure_are_not_green) ... ok
test_omitted_external_fixture_is_partial_and_never_invoked (test_swift_test_orchestration.SwiftTestOrchestrationTests.test_omitted_external_fixture_is_partial_and_never_invoked) ... ok
test_three_separate_processes_keep_shutdown_out_of_other_tests (test_swift_test_orchestration.SwiftTestOrchestrationTests.test_three_separate_processes_keep_shutdown_out_of_other_tests) ... ok
test_unit_failure_wins_over_missing_external (test_swift_test_orchestration.SwiftTestOrchestrationTests.test_unit_failure_wins_over_missing_external) ... ok
test_default_never_runs_real_models_and_remains_partial (test_tauri_test_orchestration.TauriTestOrchestrationTests.test_default_never_runs_real_models_and_remains_partial) ... ok
test_invalid_opt_in_starts_nothing (test_tauri_test_orchestration.TauriTestOrchestrationTests.test_invalid_opt_in_starts_nothing) ... ok
test_opt_in_separates_real_cases_and_preserves_assets_and_latency_observation (test_tauri_test_orchestration.TauriTestOrchestrationTests.test_opt_in_separates_real_cases_and_preserves_assets_and_latency_observation) ... ok
test_real_missing_assets_crash_wrong_count_or_summary_cannot_pass (test_tauri_test_orchestration.TauriTestOrchestrationTests.test_real_missing_assets_crash_wrong_count_or_summary_cannot_pass) ... ok
test_unit_failure_wins_over_missing_opt_in (test_tauri_test_orchestration.TauriTestOrchestrationTests.test_unit_failure_wins_over_missing_opt_in) ... ok
test_unrelated_ignored_test_is_not_resolved_by_real_stt_success (test_tauri_test_orchestration.TauriTestOrchestrationTests.test_unrelated_ignored_test_is_not_resolved_by_real_stt_success) ... ok
test_duplicate_review_cannot_count_the_same_literal_twice (test_ui_taste_count.UITasteReviewTests.test_duplicate_review_cannot_count_the_same_literal_twice) ... ok
test_interpolation_source_length_is_not_displayed_prose (test_ui_taste_count.UITasteReviewTests.test_interpolation_source_length_is_not_displayed_prose) ... ok
test_long_text_review_is_bound_to_current_visible_count_and_file_hash (test_ui_taste_count.UITasteReviewTests.test_long_text_review_is_bound_to_current_visible_count_and_file_hash) ... ok
test_nested_calls_and_quoted_parentheses_are_not_displayed_prose (test_ui_taste_count.UITasteReviewTests.test_nested_calls_and_quoted_parentheses_are_not_displayed_prose) ... ok
test_new_capsule_is_not_covered_by_an_existing_review (test_ui_taste_count.UITasteReviewTests.test_new_capsule_is_not_covered_by_an_existing_review) ... ok
test_static_text_after_nested_interpolation_is_still_counted (test_ui_taste_count.UITasteReviewTests.test_static_text_after_nested_interpolation_is_still_counted) ... ok
test_all_new_entrypoints_reject_invalid_policy_before_tools_or_network (test_verification_resources.VerificationResourceTests.test_all_new_entrypoints_reject_invalid_policy_before_tools_or_network) ... ok
test_api_roundtrip_entrypoint_limits_cargo_and_both_swift_build_queries (test_verification_resources.VerificationResourceTests.test_api_roundtrip_entrypoint_limits_cargo_and_both_swift_build_queries) ... ok
test_default_does_not_launch_a_model_and_is_not_a_pass (test_verification_resources.VerificationResourceTests.test_default_does_not_launch_a_model_and_is_not_a_pass) ... ok
test_desktop_summary_preserves_all_skipped_empty_and_failed_runs (test_verification_resources.VerificationResourceTests.test_desktop_summary_preserves_all_skipped_empty_and_failed_runs) ... ok
test_explicit_opt_in_uses_the_existing_semantic_selftest (test_verification_resources.VerificationResourceTests.test_explicit_opt_in_uses_the_existing_semantic_selftest) ... ok
test_failures_win_over_skip_and_exit_two_without_skip_is_a_failure (test_verification_resources.VerificationResourceTests.test_failures_win_over_skip_and_exit_two_without_skip_is_a_failure) ... ok
test_full_gate_keeps_swift_unit_tests_and_propagates_job_limits (test_verification_resources.VerificationResourceTests.test_full_gate_keeps_swift_unit_tests_and_propagates_job_limits) ... ok
test_full_gate_tracks_omissions_and_never_calls_them_green (test_verification_resources.VerificationResourceTests.test_full_gate_tracks_omissions_and_never_calls_them_green) ... ok
test_job_defaults_overrides_and_invalid_values (test_verification_resources.VerificationResourceTests.test_job_defaults_overrides_and_invalid_values) ... ok
test_namespaced_skip_and_unmeasured_native_results_remain_partial (test_verification_resources.VerificationResourceTests.test_namespaced_skip_and_unmeasured_native_results_remain_partial) ... ok
test_normal_macos_build_applies_shared_defaults_and_explicit_job_limits (test_verification_resources.VerificationResourceTests.test_normal_macos_build_applies_shared_defaults_and_explicit_job_limits) ... ok
test_normal_macos_build_rejects_invalid_job_limits_before_any_tool (test_verification_resources.VerificationResourceTests.test_normal_macos_build_rejects_invalid_job_limits_before_any_tool) ... ok
test_normal_macos_build_respects_prebuilt_core_without_running_cargo (test_verification_resources.VerificationResourceTests.test_normal_macos_build_respects_prebuilt_core_without_running_cargo) ... ok
test_packager_keeps_release_optimization_and_limits_parallelism (test_verification_resources.VerificationResourceTests.test_packager_keeps_release_optimization_and_limits_parallelism) ... ok
test_recording_harness_leaves_real_translation_unrun_by_default (test_verification_resources.VerificationResourceTests.test_recording_harness_leaves_real_translation_unrun_by_default) ... ok
test_release_entrypoint_limits_both_architectures_without_changing_release_flags (test_verification_resources.VerificationResourceTests.test_release_entrypoint_limits_both_architectures_without_changing_release_flags) ... ok
test_runner_skips_remain_partial_without_custom_markers (test_verification_resources.VerificationResourceTests.test_runner_skips_remain_partial_without_custom_markers) ... ok
test_skip_failure_crash_and_missing_result_cannot_count_as_success (test_verification_resources.VerificationResourceTests.test_skip_failure_crash_and_missing_result_cannot_count_as_success) ... ok
test_standalone_cargo_entrypoints_inherit_limits_including_binding_generator_run (test_verification_resources.VerificationResourceTests.test_standalone_cargo_entrypoints_inherit_limits_including_binding_generator_run) ... ok
test_xctest_failure_still_wins_over_skipped_tests (test_verification_resources.VerificationResourceTests.test_xctest_failure_still_wins_over_skipped_tests) ... ok
test_xctest_opt_in_skips_remain_partial_through_summary_wrapper (test_verification_resources.VerificationResourceTests.test_xctest_opt_in_skips_remain_partial_through_summary_wrapper) ... ok
test_both_real_run_markers_and_recovery_markers_are_required (test_work_release_gate.WorkReleaseGateTests.test_both_real_run_markers_and_recovery_markers_are_required) ... ok
test_missing_identity_is_reported_as_missing (test_work_release_gate.WorkReleaseGateTests.test_missing_identity_is_reported_as_missing) ... ok
test_offline_recovery_marker_cannot_pass (test_work_release_gate.WorkReleaseGateTests.test_offline_recovery_marker_cannot_pass) ... ok

----------------------------------------------------------------------
Ran 74 tests in 46.734s

OK
