
 RUN  v3.2.7 /Users/shuhei/Projects/genie/services/task

 ❯ scripts/replay-history.capture.ts (1 test | 1 failed) 3ms
   × capture previous-revision histories on an isolated real Temporal server 3ms
     → An explicit cached Temporal executable is required; never download implicitly.

⎯⎯⎯⎯⎯⎯⎯ Failed Tests 1 ⎯⎯⎯⎯⎯⎯⎯

 FAIL  scripts/replay-history.capture.ts > capture previous-revision histories on an isolated real Temporal server
Error: An explicit cached Temporal executable is required; never download implicitly.
 ❯ capture scripts/replay-history.capture.ts:26:11
     24|   const executable = process.env['ASTRA_TEST_TEMPORAL_PATH'];
     25|   if (!executable || !path.isAbsolute(executable))
     26|     throw new Error(
       |           ^
     27|       'An explicit cached Temporal executable is required; never downl…
     28|     );

⎯⎯⎯⎯⎯⎯⎯⎯⎯⎯⎯⎯⎯⎯⎯⎯⎯⎯⎯⎯⎯⎯⎯⎯[1/1]⎯


 Test Files  1 failed (1)
      Tests  1 failed (1)
   Start at  04:25:43
   Duration  305ms (transform 19ms, setup 0ms, collect 142ms, tests 3ms, environment 0ms, prepare 36ms)

undefined
/Users/shuhei/Projects/genie/services/task:
 ERR_PNPM_RECURSIVE_EXEC_FIRST_FAIL  Command failed with exit code 1: vitest run --config scripts/replay-capture.config.ts
