
 RUN  v3.2.7 /Users/shuhei/Projects/genie/services/task

2026-10-01T19:18:48.189Z [INFO] asset workflow-bundle-8a5374528e42dae25e7f.js 1.66 MiB [emitted] [immutable] (name: main)
runtime modules 1.34 KiB 4 modules
modules by path ../../node_modules/.pnpm/ 438 KiB
  modules by path ../../node_modules/.pnpm/@temporalio+common@1.22.0/node_modules/@temporal...(truncated) 161 KiB 35 modules
  modules by path ../../node_modules/.pnpm/@temporalio+workflow@1.22.0/node_modules/@tempor...(truncated) 202 KiB 26 modules
  modules by path ../../node_modules/.pnpm/nexus-rpc@0.0.2/node_modules/nexus-rpc/lib/ 22.3 KiB 13 modules
  ../../node_modules/.pnpm/long@5.3.2/node_modules/long/umd/index.js 49.8 KiB [built] [code generated]
  ../../node_modules/.pnpm/ms@3.0.0-canary.1/node_modules/ms/dist/index.cjs 3.41 KiB [built] [code generated]
modules by path ./src/ 59.1 KiB
  ./src/workflows-autogenerated-entrypoint.cjs 502 bytes [built] [code generated]
  ./src/workflows.ts 22.9 KiB [built] [code generated]
  ./src/plan.ts 35.7 KiB [built] [code generated]
optional modules 30 bytes [optional]
  __temporal_custom_payload_converter (ignored) 15 bytes [optional] [built] [code generated]
  __temporal_custom_failure_converter (ignored) 15 bytes [optional] [built] [code generated]
webpack 5.109.2 compiled successfully in 305 ms { sdkComponent: 'worker', taskQueue: 'fake_replay_queue-0' }
2026-10-01T19:18:48.190Z [INFO] Workflow bundle created {
  sdkComponent: 'worker',
  taskQueue: 'fake_replay_queue-0',
  size: '1.65MB'
}
2026-10-01T19:18:48.216Z [INFO] Worker state changed {
  sdkComponent: 'worker',
  taskQueue: 'fake_replay_queue-0',
  state: 'RUNNING'
}
2026-10-01T19:18:48.242Z [INFO] Worker state changed {
  sdkComponent: 'worker',
  taskQueue: 'fake_replay_queue-0',
  state: 'STOPPING'
}
2026-10-01T19:18:48.242Z [INFO] Worker state changed {
  sdkComponent: 'worker',
  taskQueue: 'fake_replay_queue-0',
  state: 'DRAINING'
}
2026-10-01T19:18:48.243Z [INFO] Worker state changed {
  sdkComponent: 'worker',
  taskQueue: 'fake_replay_queue-0',
  state: 'DRAINED'
}
2026-10-01T19:18:48.243Z [INFO] Worker state changed {
  sdkComponent: 'worker',
  taskQueue: 'fake_replay_queue-0',
  state: 'STOPPED'
}
2026-10-01T19:18:48.381Z [INFO] asset workflow-bundle-8a5374528e42dae25e7f.js 1.66 MiB [emitted] [immutable] (name: main)
runtime modules 1.34 KiB 4 modules
modules by path ../../node_modules/.pnpm/ 438 KiB
  modules by path ../../node_modules/.pnpm/@temporalio+common@1.22.0/node_modules/@temporal...(truncated) 161 KiB 35 modules
  modules by path ../../node_modules/.pnpm/@temporalio+workflow@1.22.0/node_modules/@tempor...(truncated) 202 KiB 26 modules
  modules by path ../../node_modules/.pnpm/nexus-rpc@0.0.2/node_modules/nexus-rpc/lib/ 22.3 KiB 13 modules
  ../../node_modules/.pnpm/long@5.3.2/node_modules/long/umd/index.js 49.8 KiB [built] [code generated]
  ../../node_modules/.pnpm/ms@3.0.0-canary.1/node_modules/ms/dist/index.cjs 3.41 KiB [built] [code generated]
modules by path ./src/ 59.1 KiB
  ./src/workflows-autogenerated-entrypoint.cjs 502 bytes [built] [code generated]
  ./src/workflows.ts 22.9 KiB [built] [code generated]
  ./src/plan.ts 35.7 KiB [built] [code generated]
optional modules 30 bytes [optional]
  __temporal_custom_payload_converter (ignored) 15 bytes [optional] [built] [code generated]
  __temporal_custom_failure_converter (ignored) 15 bytes [optional] [built] [code generated]
webpack 5.109.2 compiled successfully in 129 ms { sdkComponent: 'worker', taskQueue: 'fake_replay_queue-1' }
2026-10-01T19:18:48.382Z [INFO] Workflow bundle created {
  sdkComponent: 'worker',
  taskQueue: 'fake_replay_queue-1',
  size: '1.65MB'
}
2026-10-01T19:18:48.393Z [INFO] Worker state changed {
  sdkComponent: 'worker',
  taskQueue: 'fake_replay_queue-1',
  state: 'RUNNING'
}
2026-10-01T19:18:48.401Z [INFO] Worker state changed {
  sdkComponent: 'worker',
  taskQueue: 'fake_replay_queue-1',
  state: 'STOPPING'
}
2026-10-01T19:18:48.401Z [INFO] Worker state changed {
  sdkComponent: 'worker',
  taskQueue: 'fake_replay_queue-1',
  state: 'DRAINING'
}
2026-10-01T19:18:48.401Z [INFO] Worker state changed {
  sdkComponent: 'worker',
  taskQueue: 'fake_replay_queue-1',
  state: 'DRAINED'
}
2026-10-01T19:18:48.401Z [INFO] Worker state changed {
  sdkComponent: 'worker',
  taskQueue: 'fake_replay_queue-1',
  state: 'STOPPED'
}
 ✓ test/replay-history.test.ts (2 tests) 808ms
   ✓ previous-revision workflow replay with old void terminal activities > replays completed history without nondeterminism  649ms

 Test Files  1 passed (1)
      Tests  2 passed (2)
   Start at  04:18:47
   Duration  1.16s (transform 44ms, setup 0ms, collect 168ms, tests 808ms, environment 0ms, prepare 45ms)

