
 RUN  v3.2.7 /Users/shuhei/Projects/genie/services/task

 ❯ scripts/replay-history.capture.ts (1 test | 1 failed) 4ms
   × capture previous-revision histories on an isolated real Temporal server 3ms
     → Fixture generation requires explicit ASTRA_CAPTURE_REPLAY=1. Existing histories were not changed.

⎯⎯⎯⎯⎯⎯⎯ Failed Tests 1 ⎯⎯⎯⎯⎯⎯⎯

 FAIL  scripts/replay-history.capture.ts > capture previous-revision histories on an isolated real Temporal server
Error: Fixture generation requires explicit ASTRA_CAPTURE_REPLAY=1. Existing histories were not changed.
 ❯ capture scripts/replay-history.capture.ts:22:11
     20| async function capture() {
     21|   if (process.env['ASTRA_CAPTURE_REPLAY'] !== '1')
     22|     throw new Error('Fixture generation requires explicit ASTRA_CAPTUR…
       |           ^
     23|   const executable = process.env['ASTRA_TEST_TEMPORAL_PATH'];
     24|   if (!executable || !path.isAbsolute(executable))

⎯⎯⎯⎯⎯⎯⎯⎯⎯⎯⎯⎯⎯⎯⎯⎯⎯⎯⎯⎯⎯⎯⎯⎯[1/1]⎯


 Test Files  1 failed (1)
      Tests  1 failed (1)
   Start at  04:23:15
   Duration  394ms (transform 19ms, setup 0ms, collect 219ms, tests 4ms, environment 0ms, prepare 37ms)

undefined
/Users/shuhei/Projects/genie/services/task:
 ERR_PNPM_RECURSIVE_EXEC_FIRST_FAIL  Command failed with exit code 1: vitest run --config scripts/replay-capture.config.ts
