✔ lost task acceptance reuses the same persisted identity and never approves (2.211959ms)
✔ an unrelated approval or non-order task cannot be approved through the order command (0.319917ms)
✔ approval submission does not claim an order was accepted (0.16175ms)
✔ two orders retain one owned PID/window with distinct load handshakes and normal begin calls (8.860875ms)
✔ queued cancellation is prompt, skips its load and does not interrupt the active order (4.277667ms)
✔ active cancellation stops only its owned session and a subsequent order creates a new PID (3.977166ms)
✔ a changed native window under the same PID is refused before another begin or click (2.878375ms)
✔ wrong captured window and unattended helper are never clicked (2.81625ms)
✔ idle expiry closes the old process and never resurrects its PID (46.812625ms)
✔ device cleanup failure still terminates the owned window (2.5845ms)
✔ both food demos and paper fill require independent persisted receipt; preparing never confirms (194.728125ms)
✔ unconfirmed click stays unknown across runtime restart and never clicks again (36.228916ms)
✔ fictional catalog cannot be used for live identities, custom items, or prices above the supplied budget (14.494292ms)
✔ revoking a claimed task aborts the native helper consent wait without input, and leaves reconciliation-only history (337.013916ms)
✔ prepare pins exact quote; submit writes a durable private claim before one provider input and preserves accepted status (31.405833ms)
✔ approval binds complete exact args including destination, budget, quantity, and requested time (5.729375ms)
✔ invalid money, currency/content substitutions, expired quotes, and over-budget totals never reach submit (10.183958ms)
✔ inspection changes, approval expiry, and cancellation stop before the attempt claim (8.734416ms)
✔ unknown delivery is durable across new runtime and task IDs; submit can only reconcile it (24.178667ms)
✔ authorization deadline is propagated to the adapter and aborts in-flight submit without resending (253.6285ms)
✔ provider receipts must match quote identity, paid total, destination, options, and execution mode (130.847959ms)
✔ live provider and request-supplied URLs are unsupported; read-only reconcile never creates an order (1.73425ms)
✔ paper stock remains simulation and distinguishes acceptance, partial fills, full fills, and cancelled partials (166.31275ms)
✔ durable receipt history rejects changed provider order IDs, regressed state, and lost partial executions (105.898833ms)
✔ multiple processes atomically claim the same order once; a crash after provider acceptance recovers read-only (511.043833ms)
✔ a corrupt durable claim blocks a fresh attempt rather than silently forgetting it (22.014125ms)
ℹ tests 26
ℹ suites 0
ℹ pass 26
ℹ fail 0
ℹ cancelled 0
ℹ skipped 0
ℹ todo 0
ℹ duration_ms 1741.079417

 RUN  v3.2.7 /Users/shuhei/Projects/genie/packages/contracts

 ✓ test/transaction-authorization.test.ts (3 tests) 15ms

 Test Files  1 passed (1)
      Tests  3 passed (3)
   Start at  03:47:54
   Duration  312ms (transform 61ms, setup 0ms, collect 86ms, tests 15ms, environment 0ms, prepare 43ms)


 RUN  v3.2.7 /Users/shuhei/Projects/genie/services/conversation

 ✓ test/lane.test.ts (15 tests) 5ms
 ✓ test/transaction-request.test.ts (14 tests) 5ms

 Test Files  2 passed (2)
      Tests  29 passed (29)
   Start at  03:47:55
   Duration  387ms (transform 135ms, setup 0ms, collect 234ms, tests 10ms, environment 0ms, prepare 75ms)


 RUN  v3.2.7 /Users/shuhei/Projects/genie/services/task

 ✓ test/transaction-plan.test.ts (9 tests) 8ms
 ✓ test/transaction-artifact.test.ts (6 tests) 10ms
 ✓ test/transaction-workflow.test.ts (15 tests) 9ms
2026-10-01T18:47:57.968Z [INFO] asset workflow-bundle-8a5374528e42dae25e7f.js 1.66 MiB [emitted] [immutable] (name: main)
runtime modules 1.34 KiB 4 modules
modules by path ../../node_modules/.pnpm/ 438 KiB
  modules by path ../../node_modules/.pnpm/@temporalio+common@1.22.0/node_modules/@temporal...(truncated) 161 KiB 35 modules
  modules by path ../../node_modules/.pnpm/@temporalio+workflow@1.22.0/node_modules/@tempor...(truncated) 202 KiB 26 modules
  modules by path ../../node_modules/.pnpm/nexus-rpc@0.0.2/node_modules/nexus-rpc/lib/ 22.3 KiB 13 modules
  ../../node_modules/.pnpm/long@5.3.2/node_modules/long/umd/index.js 49.8 KiB [built] [code generated]
  ../../node_modules/.pnpm/ms@3.0.0-canary.1/node_modules/ms/dist/index.cjs 3.41 KiB [built] [code generated]
modules by path ./src/ 59.1 KiB
  ./src/workflows-autogenerated-entrypoint.cjs 502 bytes [built] [code generated]
  ./src/workflows.ts 22.9 KiB [built] [code generated]
  ./src/plan.ts 35.7 KiB [built] [code generated]
optional modules 30 bytes [optional]
  __temporal_custom_payload_converter (ignored) 15 bytes [optional] [built] [code generated]
  __temporal_custom_failure_converter (ignored) 15 bytes [optional] [built] [code generated]
webpack 5.109.2 compiled successfully in 322 ms { sdkComponent: 'worker', taskQueue: 'fake_replay_queue-0' }
2026-10-01T18:47:57.970Z [INFO] Workflow bundle created {
  sdkComponent: 'worker',
  taskQueue: 'fake_replay_queue-0',
  size: '1.65MB'
}
2026-10-01T18:47:58.001Z [INFO] Worker state changed {
  sdkComponent: 'worker',
  taskQueue: 'fake_replay_queue-0',
  state: 'RUNNING'
}
2026-10-01T18:47:58.034Z [INFO] Worker state changed {
  sdkComponent: 'worker',
  taskQueue: 'fake_replay_queue-0',
  state: 'STOPPING'
}
2026-10-01T18:47:58.035Z [INFO] Worker state changed {
  sdkComponent: 'worker',
  taskQueue: 'fake_replay_queue-0',
  state: 'DRAINING'
}
2026-10-01T18:47:58.035Z [INFO] Worker state changed {
  sdkComponent: 'worker',
  taskQueue: 'fake_replay_queue-0',
  state: 'DRAINED'
}
2026-10-01T18:47:58.035Z [INFO] Worker state changed {
  sdkComponent: 'worker',
  taskQueue: 'fake_replay_queue-0',
  state: 'STOPPED'
}
2026-10-01T18:47:58.176Z [INFO] asset workflow-bundle-8a5374528e42dae25e7f.js 1.66 MiB [emitted] [immutable] (name: main)
runtime modules 1.34 KiB 4 modules
modules by path ../../node_modules/.pnpm/ 438 KiB
  modules by path ../../node_modules/.pnpm/@temporalio+common@1.22.0/node_modules/@temporal...(truncated) 161 KiB 35 modules
  modules by path ../../node_modules/.pnpm/@temporalio+workflow@1.22.0/node_modules/@tempor...(truncated) 202 KiB 26 modules
  modules by path ../../node_modules/.pnpm/nexus-rpc@0.0.2/node_modules/nexus-rpc/lib/ 22.3 KiB 13 modules
  ../../node_modules/.pnpm/long@5.3.2/node_modules/long/umd/index.js 49.8 KiB [built] [code generated]
  ../../node_modules/.pnpm/ms@3.0.0-canary.1/node_modules/ms/dist/index.cjs 3.41 KiB [built] [code generated]
modules by path ./src/ 59.1 KiB
  ./src/workflows-autogenerated-entrypoint.cjs 502 bytes [built] [code generated]
  ./src/workflows.ts 22.9 KiB [built] [code generated]
  ./src/plan.ts 35.7 KiB [built] [code generated]
optional modules 30 bytes [optional]
  __temporal_custom_payload_converter (ignored) 15 bytes [optional] [built] [code generated]
  __temporal_custom_failure_converter (ignored) 15 bytes [optional] [built] [code generated]
webpack 5.109.2 compiled successfully in 133 ms { sdkComponent: 'worker', taskQueue: 'fake_replay_queue-1' }
2026-10-01T18:47:58.177Z [INFO] Workflow bundle created {
  sdkComponent: 'worker',
  taskQueue: 'fake_replay_queue-1',
  size: '1.65MB'
}
2026-10-01T18:47:58.189Z [INFO] Worker state changed {
  sdkComponent: 'worker',
  taskQueue: 'fake_replay_queue-1',
  state: 'RUNNING'
}
2026-10-01T18:47:58.197Z [INFO] Worker state changed {
  sdkComponent: 'worker',
  taskQueue: 'fake_replay_queue-1',
  state: 'STOPPING'
}
2026-10-01T18:47:58.197Z [INFO] Worker state changed {
  sdkComponent: 'worker',
  taskQueue: 'fake_replay_queue-1',
  state: 'DRAINING'
}
2026-10-01T18:47:58.198Z [INFO] Worker state changed {
  sdkComponent: 'worker',
  taskQueue: 'fake_replay_queue-1',
  state: 'DRAINED'
}
2026-10-01T18:47:58.198Z [INFO] Worker state changed {
  sdkComponent: 'worker',
  taskQueue: 'fake_replay_queue-1',
  state: 'STOPPED'
}
 ✓ test/replay-history.test.ts (3 tests | 1 skipped) 879ms
   ✓ previous-revision workflow replay with old void terminal activities > replays completed history without nondeterminism  717ms

 Test Files  4 passed (4)
      Tests  32 passed | 1 skipped (33)
   Start at  03:47:56
   Duration  1.26s (transform 247ms, setup 0ms, collect 927ms, tests 908ms, environment 0ms, prepare 135ms)


 RUN  v3.2.7 /Users/shuhei/Projects/genie/workers/task-worker

 ✓ test/approval-proof.test.ts (4 tests) 4ms

 Test Files  1 passed (1)
      Tests  4 passed (4)
   Start at  03:47:58
   Duration  355ms (transform 102ms, setup 0ms, collect 192ms, tests 4ms, environment 0ms, prepare 36ms)


 RUN  v3.2.7 /Users/shuhei/Projects/genie/workers/agent-host

 ✓ test/step-transport.test.ts (3 tests) 5ms
 ✓ test/step-loop.test.ts (18 tests) 81ms

 Test Files  2 passed (2)
      Tests  21 passed (21)
   Start at  03:47:59
   Duration  272ms (transform 56ms, setup 0ms, collect 68ms, tests 85ms, environment 0ms, prepare 67ms)


 RUN  v3.2.7 /Users/shuhei/Projects/genie/services/task

 ✓ test/transaction-authorization-ledger.db.test.ts (8 tests) 624ms
 ✓ test/transaction-approval.db.test.ts (14 tests) 554ms

 Test Files  2 passed (2)
      Tests  22 passed (22)
   Start at  03:48:00
   Duration  1.14s (transform 223ms, setup 0ms, collect 762ms, tests 1.18s, environment 0ms, prepare 65ms)


 RUN  v3.2.7 /Users/shuhei/Projects/genie/services/agent-host

 ✓ test/bridge.db.test.ts (19 tests) 239ms

 Test Files  1 passed (1)
      Tests  19 passed (19)
   Start at  03:48:02
   Duration  661ms (transform 105ms, setup 0ms, collect 254ms, tests 239ms, environment 0ms, prepare 33ms)


 RUN  v3.2.7 /Users/shuhei/Projects/genie/services/api-gateway

 ✓ test/host-bridge.test.ts (16 tests) 146ms
 ✓ test/transaction-authorizations.integration.test.ts (4 tests) 339ms
 ✓ test/conversations-transaction.integration.test.ts (15 tests) 466ms

 Test Files  3 passed (3)
      Tests  35 passed (35)
   Start at  03:48:03
   Duration  1.49s (transform 431ms, setup 0ms, collect 2.57s, tests 950ms, environment 0ms, prepare 98ms)

TRANSACTION_REGRESSION_OK: code-level checks only; native/main-app and live-provider evidence are separate.
