
 RUN  v3.2.7 /Users/shuhei/Projects/genie/services/task

time=2026-09-19T18:51:43.538 level=WARN msg="Cluster Id in Cluster Metadata config is not a valid uuid. Generating a new Cluster Id" component=metadata-initializer
Temporal CLI 1.8.3 (Server 1.31.2, UI 2.50.1)

Temporal Server:      localhost:51165
Temporal Persistence: in-memory
Temporal Metrics:     http://localhost:51169/metrics
2026-09-19T09:51:44.059Z [INFO] asset workflow-bundle-b4e436aea3e0faaf8a07.js 1.58 MiB [emitted] [immutable] (name: main)
runtime modules 1.34 KiB 4 modules
modules by path ../../node_modules/.pnpm/ 438 KiB
  modules by path ../../node_modules/.pnpm/@temporalio+common@1.22.0/node_modules/@temporal...(truncated) 161 KiB 35 modules
  modules by path ../../node_modules/.pnpm/@temporalio+workflow@1.22.0/node_modules/@tempor...(truncated) 202 KiB 26 modules
  modules by path ../../node_modules/.pnpm/nexus-rpc@0.0.2/node_modules/nexus-rpc/lib/ 22.3 KiB 13 modules
  ../../node_modules/.pnpm/long@5.3.2/node_modules/long/umd/index.js 49.8 KiB [built] [code generated]
  ../../node_modules/.pnpm/ms@3.0.0-canary.1/node_modules/ms/dist/index.cjs 3.41 KiB [built] [code generated]
modules by path ./src/ 32.5 KiB
  ./src/workflows-autogenerated-entrypoint.cjs 502 bytes [built] [code generated]
  ./src/workflows.ts 16.1 KiB [built] [code generated]
  ./src/plan.ts 15.9 KiB [built] [code generated]
optional modules 30 bytes [optional]
  __temporal_custom_payload_converter (ignored) 15 bytes [optional] [built] [code generated]
  __temporal_custom_failure_converter (ignored) 15 bytes [optional] [built] [code generated]
webpack 5.109.2 compiled successfully in 275 ms { sdkComponent: 'worker', taskQueue: 'astra.task.test' }
2026-09-19T09:51:44.060Z [INFO] Workflow bundle created {
  sdkComponent: 'worker',
  taskQueue: 'astra.task.test',
  size: '1.58MB'
}
2026-09-19T09:51:44.177Z [INFO] Worker state changed {
  sdkComponent: 'worker',
  taskQueue: 'astra.task.test',
  state: 'RUNNING'
}
2026-09-19T09:51:44.178Z [INFO] No Nexus services registered, not polling for Nexus tasks { sdkComponent: 'worker', taskQueue: 'astra.task.test' }
time=2026-09-19T18:51:44.402 level=WARN msg="Cluster Id in Cluster Metadata config is not a valid uuid. Generating a new Cluster Id" component=metadata-initializer
Temporal CLI 1.8.3 (Server 1.31.2, UI 2.50.1)

Temporal Server:      localhost:51189
Temporal Persistence: in-memory
Temporal Metrics:     http://localhost:51190/metrics
2026-09-19T09:51:44.914Z [INFO] asset workflow-bundle-b4e436aea3e0faaf8a07.js 1.58 MiB [emitted] [immutable] (name: main)
runtime modules 1.34 KiB 4 modules
modules by path ../../node_modules/.pnpm/ 438 KiB
  modules by path ../../node_modules/.pnpm/@temporalio+common@1.22.0/node_modules/@temporal...(truncated) 161 KiB 35 modules
  modules by path ../../node_modules/.pnpm/@temporalio+workflow@1.22.0/node_modules/@tempor...(truncated) 202 KiB 26 modules
  modules by path ../../node_modules/.pnpm/nexus-rpc@0.0.2/node_modules/nexus-rpc/lib/ 22.3 KiB 13 modules
  ../../node_modules/.pnpm/long@5.3.2/node_modules/long/umd/index.js 49.8 KiB [built] [code generated]
  ../../node_modules/.pnpm/ms@3.0.0-canary.1/node_modules/ms/dist/index.cjs 3.41 KiB [built] [code generated]
modules by path ./src/ 32.5 KiB
  ./src/workflows-autogenerated-entrypoint.cjs 502 bytes [built] [code generated]
  ./src/workflows.ts 16.1 KiB [built] [code generated]
  ./src/plan.ts 15.9 KiB [built] [code generated]
optional modules 30 bytes [optional]
  __temporal_custom_payload_converter (ignored) 15 bytes [optional] [built] [code generated]
  __temporal_custom_failure_converter (ignored) 15 bytes [optional] [built] [code generated]
webpack 5.109.2 compiled successfully in 275 ms {
  sdkComponent: 'worker',
  taskQueue: 'terminal-01a0b914-356c-7000-a64b-0179a177d7b8'
}
2026-09-19T09:51:44.915Z [INFO] Workflow bundle created {
  sdkComponent: 'worker',
  taskQueue: 'terminal-01a0b914-356c-7000-a64b-0179a177d7b8',
  size: '1.58MB'
}
2026-09-19T09:51:45.025Z [INFO] Worker state changed {
  sdkComponent: 'worker',
  taskQueue: 'terminal-01a0b914-356c-7000-a64b-0179a177d7b8',
  state: 'RUNNING'
}
2026-09-19T09:51:45.026Z [INFO] No Nexus services registered, not polling for Nexus tasks {
  sdkComponent: 'worker',
  taskQueue: 'terminal-01a0b914-356c-7000-a64b-0179a177d7b8'
}
2026-09-19T09:51:45.372Z [INFO] Worker state changed {
  sdkComponent: 'worker',
  taskQueue: 'terminal-01a0b914-356c-7000-a64b-0179a177d7b8',
  state: 'STOPPING'
}
2026-09-19T09:51:45.372Z [INFO] Worker state changed {
  sdkComponent: 'worker',
  taskQueue: 'terminal-01a0b914-356c-7000-a64b-0179a177d7b8',
  state: 'DRAINING'
}
2026-09-19T09:51:45.373Z [INFO] Worker state changed {
  sdkComponent: 'worker',
  taskQueue: 'terminal-01a0b914-356c-7000-a64b-0179a177d7b8',
  state: 'DRAINED'
}
2026-09-19T09:51:45.373Z [INFO] Worker state changed {
  sdkComponent: 'worker',
  taskQueue: 'terminal-01a0b914-356c-7000-a64b-0179a177d7b8',
  state: 'STOPPED'
}
 ✓ test/terminal-state.test.ts (9 tests) 1888ms
   ✓ terminal transitions with real PostgreSQL > concurrent cancellation and completion converge without opposite terminal events  357ms
   ✓ terminal transitions with real PostgreSQL > real Temporal preserves cancellation during composition, including a lost signal  1077ms
2026-09-19T09:51:47.873Z [WARN] Activity failed {
  sdkComponent: 'worker',
  taskQueue: 'astra.task.test',
  isLocal: false,
  attempt: 1,
  namespace: 'default',
  taskToken: 'CiQwMWEwYjkxNC0zMWFiLTc2Y2UtYTZlYS0yYmIzNjIwY2E1MGQSTnRhc2svMDFhMGI5MTQtMzE2My03MDAwLWJiY2ItYjg0M2NjYzAxZDlmLzAxYTBiOTE0LTQwZDktNzAwMi1iZmI5LTcxOWQzMzU3ZmFlYxokMDFhMGI5MTQtNDBlYS03NmU5LTkxNmUtNTg5ODJmOWU2NWM3IB8oATIBNEILZXhlY3V0ZVN0ZXBKCAgBENWGQBgB',
  activityId: '4',
  activityType: 'executeStep',
  workflowId: 'task/01a0b914-3163-7000-bbcb-b843ccc01d9f/01a0b914-40d9-7002-bfb9-719d3357faec',
  workflowRunId: '01a0b914-40ea-76e9-916e-58982f9e65c7',
  workflowType: 'TaskWorkflow',
  error: ApplicationFailure: response lost after acceptance
      at ApplicationFailure.nonRetryable (/Users/shuhei/Projects/genie/node_modules/.pnpm/@temporalio+common@1.22.0/node_modules/@temporalio/common/src/failure.ts:253:12)
      at executeStep (/Users/shuhei/Projects/genie/services/task/src/activities.ts:611:36)
      at withActivityHeartbeat (/Users/shuhei/Projects/genie/services/task/src/activity-heartbeat.ts:14:12)
      at Activity.execute (/Users/shuhei/Projects/genie/node_modules/.pnpm/@temporalio+worker@1.22.0/node_modules/@temporalio/worker/src/activity.ts:143:14)
      at NativeConnection.withAbortSignal (/Users/shuhei/Projects/genie/node_modules/.pnpm/@temporalio+worker@1.22.0/node_modules/@temporalio/worker/src/connection.ts:219:12)
      at Client.withAbortSignal (/Users/shuhei/Projects/genie/node_modules/.pnpm/@temporalio+client@1.22.0/node_modules/@temporalio/client/src/base-client.ts:105:12)
      at /Users/shuhei/Projects/genie/node_modules/.pnpm/@temporalio+worker@1.22.0/node_modules/@temporalio/worker/src/activity.ts:197:24
      at /Users/shuhei/Projects/genie/node_modules/.pnpm/@temporalio+worker@1.22.0/node_modules/@temporalio/worker/src/worker.ts:1226:24 {
    cause: undefined,
    failure: undefined,
    type: 'ExternalActionFailed',
    nonRetryable: true,
    details: [ '自動でやり直していません。再実行する前に、実行先の履歴を確認してください。' ],
    nextRetryDelay: undefined,
    category: undefined
  },
  durationMs: 12
}
2026-09-19T09:51:48.007Z [WARN] Workflow failed {
  sdkComponent: 'worker',
  taskQueue: 'astra.task.test',
  namespace: 'default',
  workflowId: 'task/01a0b914-3163-7000-bbcb-b843ccc01d9f/01a0b914-40d9-7002-bfb9-719d3357faec',
  runId: '01a0b914-40ea-76e9-916e-58982f9e65c7',
  workflowType: 'TaskWorkflow',
  error: [Error: Activity task failed] {
    [cause]: ApplicationFailure: response lost after acceptance
        at ApplicationFailure.nonRetryable (/Users/shuhei/Projects/genie/node_modules/.pnpm/@temporalio+common@1.22.0/node_modules/@temporalio/common/src/failure.ts:253:12)
        at executeStep (/Users/shuhei/Projects/genie/services/task/src/activities.ts:611:36)
        at withActivityHeartbeat (/Users/shuhei/Projects/genie/services/task/src/activity-heartbeat.ts:14:12) {
      [cause]: undefined
    }
  }
}
2026-09-19T09:51:48.462Z [WARN] Activity failed {
  sdkComponent: 'worker',
  taskQueue: 'astra.task.test',
  isLocal: false,
  attempt: 1,
  namespace: 'default',
  taskToken: 'CiQwMWEwYjkxNC0zMWFiLTc2Y2UtYTZlYS0yYmIzNjIwY2E1MGQSTnRhc2svMDFhMGI5MTQtMzE2My03MDAwLWJiY2ItYjg0M2NjYzAxZDlmLzAxYTBiOTE0LTQzMzEtNzAwMi1iNDE5LTY0NzgzYzljYmM5ZBokMDFhMGI5MTQtNDM0Ny03NGEzLTk4NTItMmE4ZGNkZWRhYmM1IB8oATIBNEILZXhlY3V0ZVN0ZXBKCAgBEMiHQBgB',
  activityId: '4',
  activityType: 'executeStep',
  workflowId: 'task/01a0b914-3163-7000-bbcb-b843ccc01d9f/01a0b914-4331-7002-b419-64783c9cbc9d',
  workflowRunId: '01a0b914-4347-74a3-9852-2a8dcdedabc5',
  workflowType: 'TaskWorkflow',
  error: ApplicationFailure: response lost after acceptance
      at ApplicationFailure.nonRetryable (/Users/shuhei/Projects/genie/node_modules/.pnpm/@temporalio+common@1.22.0/node_modules/@temporalio/common/src/failure.ts:253:12)
      at executeStep (/Users/shuhei/Projects/genie/services/task/src/activities.ts:611:36)
      at withActivityHeartbeat (/Users/shuhei/Projects/genie/services/task/src/activity-heartbeat.ts:14:12)
      at Activity.execute (/Users/shuhei/Projects/genie/node_modules/.pnpm/@temporalio+worker@1.22.0/node_modules/@temporalio/worker/src/activity.ts:143:14)
      at NativeConnection.withAbortSignal (/Users/shuhei/Projects/genie/node_modules/.pnpm/@temporalio+worker@1.22.0/node_modules/@temporalio/worker/src/connection.ts:219:12)
      at Client.withAbortSignal (/Users/shuhei/Projects/genie/node_modules/.pnpm/@temporalio+client@1.22.0/node_modules/@temporalio/client/src/base-client.ts:105:12)
      at /Users/shuhei/Projects/genie/node_modules/.pnpm/@temporalio+worker@1.22.0/node_modules/@temporalio/worker/src/activity.ts:197:24
      at /Users/shuhei/Projects/genie/node_modules/.pnpm/@temporalio+worker@1.22.0/node_modules/@temporalio/worker/src/worker.ts:1226:24 {
    cause: undefined,
    failure: undefined,
    type: 'ExternalActionFailed',
    nonRetryable: true,
    details: [ '自動でやり直していません。再実行する前に、実行先の履歴を確認してください。' ],
    nextRetryDelay: undefined,
    category: undefined
  },
  durationMs: 5
}
2026-09-19T09:51:48.607Z [WARN] Workflow failed {
  sdkComponent: 'worker',
  taskQueue: 'astra.task.test',
  namespace: 'default',
  workflowId: 'task/01a0b914-3163-7000-bbcb-b843ccc01d9f/01a0b914-4331-7002-b419-64783c9cbc9d',
  runId: '01a0b914-4347-74a3-9852-2a8dcdedabc5',
  workflowType: 'TaskWorkflow',
  error: [Error: Activity task failed] {
    [cause]: ApplicationFailure: response lost after acceptance
        at ApplicationFailure.nonRetryable (/Users/shuhei/Projects/genie/node_modules/.pnpm/@temporalio+common@1.22.0/node_modules/@temporalio/common/src/failure.ts:253:12)
        at executeStep (/Users/shuhei/Projects/genie/services/task/src/activities.ts:611:36)
        at withActivityHeartbeat (/Users/shuhei/Projects/genie/services/task/src/activity-heartbeat.ts:14:12) {
      [cause]: undefined
    }
  }
}
2026-09-19T09:51:52.776Z [INFO] Worker state changed {
  sdkComponent: 'worker',
  taskQueue: 'astra.task.test',
  state: 'STOPPING'
}
2026-09-19T09:51:52.777Z [INFO] Worker state changed {
  sdkComponent: 'worker',
  taskQueue: 'astra.task.test',
  state: 'DRAINING'
}
2026-09-19T09:51:52.777Z [INFO] Worker state changed {
  sdkComponent: 'worker',
  taskQueue: 'astra.task.test',
  state: 'DRAINED'
}
2026-09-19T09:51:52.777Z [INFO] Worker state changed {
  sdkComponent: 'worker',
  taskQueue: 'astra.task.test',
  state: 'STOPPED'
}
 ✓ test/task.e2e.test.ts (15 tests) 9327ms
   ✓ task runtime end to end > create → progress → artifact > emits a gapless, ordered event stream  583ms
   ✓ task runtime end to end > create → progress → artifact > keeps progress events closer together than the 2s budget  1146ms
   ✓ task runtime end to end > create → progress → artifact > replays only what comes after the given sequence  753ms
   ✓ task runtime end to end > idempotency > returns the same task and starts only one workflow  545ms
   ✓ task runtime end to end > approval > does not replay gmail after acceptance and response loss  600ms
   ✓ task runtime end to end > approval > does not replay outlook_mail after acceptance and response loss  596ms
   ✓ task runtime end to end > approval > waits, then completes when approved  923ms
   ✓ task runtime end to end > approval > does not invent a summary for a write that needed no confirmation  530ms
   ✓ task runtime end to end > approval > refuses to read another tenant's receipts  549ms
   ✓ task runtime end to end > approval > cancels the task when rejected and performs no external write  601ms
   ✓ task runtime end to end > approval > refuses to decide the same approval twice  960ms
   ✓ task runtime end to end > isolation and audit > hides a task from another tenant  591ms

 Test Files  2 passed (2)
      Tests  24 passed (24)
   Start at  18:51:42
   Duration  9.91s (transform 207ms, setup 0ms, collect 828ms, tests 11.22s, environment 0ms, prepare 73ms)

