/Users/shuhei/Projects/genie/tools/computer-use/genie-computer.swift:377:38: warning: 'activateIgnoringOtherApps' was deprecated in macOS 14.0: ignoringOtherApps is deprecated in macOS 14 and will have no effect. [#DeprecatedDeclaration]
375 |         else { throw Failure("user_cancelled") }
376 |         let selected = apps[choice.indexOfSelectedItem]
377 |         selected.activate(options: [.activateIgnoringOtherApps])
    |                                      `- warning: 'activateIgnoringOtherApps' was deprecated in macOS 14.0: ignoringOtherApps is deprecated in macOS 14 and will have no effect. [#DeprecatedDeclaration]
378 |         for _ in 0..<20 {
379 |             try await Task.sleep(nanoseconds: 100_000_000)

/Users/shuhei/Projects/genie/tools/computer-use/genie-computer.swift:528:33: warning: 'activateIgnoringOtherApps' was deprecated in macOS 14.0: ignoringOtherApps is deprecated in macOS 14 and will have no effect. [#DeprecatedDeclaration]
526 |         stage("reveal")
527 |         if app.isHidden { app.unhide() }
528 |         app.activate(options: [.activateIgnoringOtherApps])
    |                                 `- warning: 'activateIgnoringOtherApps' was deprecated in macOS 14.0: ignoringOtherApps is deprecated in macOS 14 and will have no effect. [#DeprecatedDeclaration]
529 |         for _ in 0..<20 {
530 |             try await Task.sleep(nanoseconds: 100_000_000)

/Users/shuhei/Projects/genie/tools/computer-use/genie-computer.swift:651:33: warning: 'activateIgnoringOtherApps' was deprecated in macOS 14.0: ignoringOtherApps is deprecated in macOS 14 and will have no effect. [#DeprecatedDeclaration]
649 |     static func restore(_ t: Target) async throws {
650 |         guard let app = NSRunningApplication(processIdentifier: t.pid), !app.isTerminated else { throw Failure("target_changed") }
651 |         app.activate(options: [.activateIgnoringOtherApps])
    |                                 `- warning: 'activateIgnoringOtherApps' was deprecated in macOS 14.0: ignoringOtherApps is deprecated in macOS 14 and will have no effect. [#DeprecatedDeclaration]
652 |         for _ in 0..<20 {
653 |             try await Task.sleep(nanoseconds: 100_000_000)

[#DeprecatedDeclaration]: <https://docs.swift.org/compiler/documentation/diagnostics/deprecated-declaration>
GENIE_COMPUTER_SELF_TEST_OK
/Users/shuhei/Projects/genie/tools/computer-use/genie-computer.swift:377:38: warning: 'activateIgnoringOtherApps' was deprecated in macOS 14.0: ignoringOtherApps is deprecated in macOS 14 and will have no effect. [#DeprecatedDeclaration]
375 |         else { throw Failure("user_cancelled") }
376 |         let selected = apps[choice.indexOfSelectedItem]
377 |         selected.activate(options: [.activateIgnoringOtherApps])
    |                                      `- warning: 'activateIgnoringOtherApps' was deprecated in macOS 14.0: ignoringOtherApps is deprecated in macOS 14 and will have no effect. [#DeprecatedDeclaration]
378 |         for _ in 0..<20 {
379 |             try await Task.sleep(nanoseconds: 100_000_000)

/Users/shuhei/Projects/genie/tools/computer-use/genie-computer.swift:528:33: warning: 'activateIgnoringOtherApps' was deprecated in macOS 14.0: ignoringOtherApps is deprecated in macOS 14 and will have no effect. [#DeprecatedDeclaration]
526 |         stage("reveal")
527 |         if app.isHidden { app.unhide() }
528 |         app.activate(options: [.activateIgnoringOtherApps])
    |                                 `- warning: 'activateIgnoringOtherApps' was deprecated in macOS 14.0: ignoringOtherApps is deprecated in macOS 14 and will have no effect. [#DeprecatedDeclaration]
529 |         for _ in 0..<20 {
530 |             try await Task.sleep(nanoseconds: 100_000_000)

/Users/shuhei/Projects/genie/tools/computer-use/genie-computer.swift:651:33: warning: 'activateIgnoringOtherApps' was deprecated in macOS 14.0: ignoringOtherApps is deprecated in macOS 14 and will have no effect. [#DeprecatedDeclaration]
649 |     static func restore(_ t: Target) async throws {
650 |         guard let app = NSRunningApplication(processIdentifier: t.pid), !app.isTerminated else { throw Failure("target_changed") }
651 |         app.activate(options: [.activateIgnoringOtherApps])
    |                                 `- warning: 'activateIgnoringOtherApps' was deprecated in macOS 14.0: ignoringOtherApps is deprecated in macOS 14 and will have no effect. [#DeprecatedDeclaration]
652 |         for _ in 0..<20 {
653 |             try await Task.sleep(nanoseconds: 100_000_000)

[#DeprecatedDeclaration]: <https://docs.swift.org/compiler/documentation/diagnostics/deprecated-declaration>
