
> @genie/service-task@0.0.0 test /Users/shuhei/Projects/genie/services/task
> vitest run --passWithNoTests test/replay-history.test.ts


 RUN  v3.2.7 /Users/shuhei/Projects/genie/services/task

time=2026-09-19T18:58:28.395 level=WARN msg="Cluster Id in Cluster Metadata config is not a valid uuid. Generating a new Cluster Id" component=metadata-initializer
Temporal CLI 1.8.3 (Server 1.31.2, UI 2.50.1)

Temporal Server:      localhost:52258
Temporal Persistence: in-memory
Temporal Metrics:     http://localhost:52259/metrics
2026-09-19T09:58:29.033Z [INFO] asset workflow-bundle-c2a308ef2c346d1b1edb.js 1.58 MiB [emitted] [immutable] (name: main)
runtime modules 1.34 KiB 4 modules
modules by path ../../node_modules/.pnpm/ 438 KiB
  modules by path ../../node_modules/.pnpm/@temporalio+common@1.22.0/node_modules/@temporal...(truncated) 161 KiB 35 modules
  modules by path ../../node_modules/.pnpm/@temporalio+workflow@1.22.0/node_modules/@tempor...(truncated) 202 KiB 26 modules
  modules by path ../../node_modules/.pnpm/nexus-rpc@0.0.2/node_modules/nexus-rpc/lib/ 22.3 KiB 13 modules
  ../../node_modules/.pnpm/long@5.3.2/node_modules/long/umd/index.js 49.8 KiB [built] [code generated]
  ../../node_modules/.pnpm/ms@3.0.0-canary.1/node_modules/ms/dist/index.cjs 3.41 KiB [built] [code generated]
modules by path ../../../../../../private/var/folders/xn/mdmvpkwd0yx4tcr7rvn_3xv80000gn/T/genie-...(truncated) 31.9 KiB
  ../../../../../../private/var/folders/xn/mdmvpkwd0yx4tcr7rvn_3xv80000gn/T/genie-...(truncated) 536 bytes [built] [code generated]
  ../../../../../../private/var/folders/xn/mdmvpkwd0yx4tcr7rvn_3xv80000gn/T/genie-...(truncated) 15.5 KiB [built] [code generated]
  ../../../../../../private/var/folders/xn/mdmvpkwd0yx4tcr7rvn_3xv80000gn/T/genie-...(truncated) 15.9 KiB [built] [code generated]
optional modules 30 bytes [optional]
  __temporal_custom_payload_converter (ignored) 15 bytes [optional] [built] [code generated]
  __temporal_custom_failure_converter (ignored) 15 bytes [optional] [built] [code generated]
webpack 5.109.2 compiled successfully in 289 ms { sdkComponent: 'worker', taskQueue: 'genie-previous-revision-replay' }
2026-09-19T09:58:29.034Z [INFO] Workflow bundle created {
  sdkComponent: 'worker',
  taskQueue: 'genie-previous-revision-replay',
  size: '1.58MB'
}
2026-09-19T09:58:29.148Z [INFO] Worker state changed {
  sdkComponent: 'worker',
  taskQueue: 'genie-previous-revision-replay',
  state: 'RUNNING'
}
2026-09-19T09:58:29.149Z [INFO] No Nexus services registered, not polling for Nexus tasks { sdkComponent: 'worker', taskQueue: 'genie-previous-revision-replay' }
2026-09-19T09:58:29.274Z [INFO] Worker state changed {
  sdkComponent: 'worker',
  taskQueue: 'genie-previous-revision-replay',
  state: 'STOPPING'
}
2026-09-19T09:58:29.274Z [INFO] Worker state changed {
  sdkComponent: 'worker',
  taskQueue: 'genie-previous-revision-replay',
  state: 'DRAINING'
}
2026-09-19T09:58:29.275Z [INFO] Worker state changed {
  sdkComponent: 'worker',
  taskQueue: 'genie-previous-revision-replay',
  state: 'DRAINED'
}
2026-09-19T09:58:29.275Z [INFO] Worker state changed {
  sdkComponent: 'worker',
  taskQueue: 'genie-previous-revision-replay',
  state: 'STOPPED'
}
 ❯ test/replay-history.test.ts (3 tests | 2 failed) 967ms
   ✓ capture previous-revision histories on an isolated real Temporal server  962ms
   × previous-revision workflow replay with old void terminal activities > replays completed history without nondeterminism 3ms
     → fromProto3JSONToInternalRepresentation: google.protobuf.Timestamp must be a string but got object
   × previous-revision workflow replay with old void terminal activities > replays cancelled history without nondeterminism 1ms
     → fromProto3JSONToInternalRepresentation: google.protobuf.Timestamp must be a string but got object

⎯⎯⎯⎯⎯⎯⎯ Failed Tests 2 ⎯⎯⎯⎯⎯⎯⎯

 FAIL  test/replay-history.test.ts > previous-revision workflow replay with old void terminal activities > replays completed history without nondeterminism
 FAIL  test/replay-history.test.ts > previous-revision workflow replay with old void terminal activities > replays cancelled history without nondeterminism
Error: fromProto3JSONToInternalRepresentation: google.protobuf.Timestamp must be a string but got object
 ❯ fromProto3JSONToInternalRepresentation ../../node_modules/.pnpm/proto3-json-serializer@2.0.2/node_modules/proto3-json-serializer/typescript/src/fromproto3json.ts:115:13
 ❯ fromProto3JSONToInternalRepresentation ../../node_modules/.pnpm/proto3-json-serializer@2.0.2/node_modules/proto3-json-serializer/typescript/src/fromproto3json.ts:202:33
 ❯ ../../node_modules/.pnpm/proto3-json-serializer@2.0.2/node_modules/proto3-json-serializer/typescript/src/fromproto3json.ts:151:11
 ❯ fromProto3JSONToInternalRepresentation ../../node_modules/.pnpm/proto3-json-serializer@2.0.2/node_modules/proto3-json-serializer/typescript/src/fromproto3json.ts:150:29
 ❯ fromProto3JSON ../../node_modules/.pnpm/proto3-json-serializer@2.0.2/node_modules/proto3-json-serializer/typescript/src/fromproto3json.ts:214:24
 ❯ historyFromJSON ../../node_modules/.pnpm/@temporalio+common@1.22.0/node_modules/@temporalio/common/src/proto-utils.ts:104:32
 ❯ Worker.validateHistory ../../node_modules/.pnpm/@temporalio+worker@1.22.0/node_modules/@temporalio/worker/src/worker.ts:717:29
 ❯ Worker.runReplayHistory ../../node_modules/.pnpm/@temporalio+worker@1.22.0/node_modules/@temporalio/worker/src/worker.ts:629:28
 ❯ test/replay-history.test.ts:83:20
     81|       expect(provenance.revision).toBe(revision);
     82|       expect(json).not.toContain('task-terminal-outcome-v1');
     83|       await Worker.runReplayHistory({ workflowsPath }, JSON.parse(json…
       |                    ^
     84|     }, 30000);
     85|   }

⎯⎯⎯⎯⎯⎯⎯⎯⎯⎯⎯⎯⎯⎯⎯⎯⎯⎯⎯⎯⎯⎯⎯⎯[1/2]⎯


 Test Files  1 failed (1)
      Tests  2 failed | 1 passed (3)
   Start at  18:58:27
   Duration  1.42s (transform 26ms, setup 0ms, collect 248ms, tests 967ms, environment 0ms, prepare 40ms)

/Users/shuhei/Projects/genie/services/task:
 ERR_PNPM_RECURSIVE_RUN_FIRST_FAIL  @genie/service-task@0.0.0 test: `vitest run --passWithNoTests test/replay-history.test.ts`
Exit status 1
