
> @genie/service-task@0.0.0 test /Users/shuhei/Projects/genie/services/task
> vitest run --passWithNoTests test/replay-history.test.ts


 RUN  v3.2.7 /Users/shuhei/Projects/genie/services/task

time=2026-09-19T19:00:21.703 level=WARN msg="Cluster Id in Cluster Metadata config is not a valid uuid. Generating a new Cluster Id" component=metadata-initializer
Temporal CLI 1.8.3 (Server 1.31.2, UI 2.50.1)

Temporal Server:      localhost:52445
Temporal Persistence: in-memory
Temporal Metrics:     http://localhost:52449/metrics
2026-09-19T10:00:22.277Z [INFO] asset workflow-bundle-b91826de5e6dda456ed9.js 1.58 MiB [emitted] [immutable] (name: main)
runtime modules 1.34 KiB 4 modules
modules by path ../../node_modules/.pnpm/ 438 KiB
  modules by path ../../node_modules/.pnpm/@temporalio+common@1.22.0/node_modules/@temporal...(truncated) 161 KiB 35 modules
  modules by path ../../node_modules/.pnpm/@temporalio+workflow@1.22.0/node_modules/@tempor...(truncated) 202 KiB 26 modules
  modules by path ../../node_modules/.pnpm/nexus-rpc@0.0.2/node_modules/nexus-rpc/lib/ 22.3 KiB 13 modules
  ../../node_modules/.pnpm/long@5.3.2/node_modules/long/umd/index.js 49.8 KiB [built] [code generated]
  ../../node_modules/.pnpm/ms@3.0.0-canary.1/node_modules/ms/dist/index.cjs 3.41 KiB [built] [code generated]
modules by path ../../../../../../private/var/folders/xn/mdmvpkwd0yx4tcr7rvn_3xv80000gn/T/genie-...(truncated) 31.9 KiB
  ../../../../../../private/var/folders/xn/mdmvpkwd0yx4tcr7rvn_3xv80000gn/T/genie-...(truncated) 536 bytes [built] [code generated]
  ../../../../../../private/var/folders/xn/mdmvpkwd0yx4tcr7rvn_3xv80000gn/T/genie-...(truncated) 15.5 KiB [built] [code generated]
  ../../../../../../private/var/folders/xn/mdmvpkwd0yx4tcr7rvn_3xv80000gn/T/genie-...(truncated) 15.9 KiB [built] [code generated]
optional modules 30 bytes [optional]
  __temporal_custom_payload_converter (ignored) 15 bytes [optional] [built] [code generated]
  __temporal_custom_failure_converter (ignored) 15 bytes [optional] [built] [code generated]
webpack 5.109.2 compiled successfully in 295 ms { sdkComponent: 'worker', taskQueue: 'genie-previous-revision-replay' }
2026-09-19T10:00:22.278Z [INFO] Workflow bundle created {
  sdkComponent: 'worker',
  taskQueue: 'genie-previous-revision-replay',
  size: '1.58MB'
}
2026-09-19T10:00:22.391Z [INFO] Worker state changed {
  sdkComponent: 'worker',
  taskQueue: 'genie-previous-revision-replay',
  state: 'RUNNING'
}
2026-09-19T10:00:22.392Z [INFO] No Nexus services registered, not polling for Nexus tasks { sdkComponent: 'worker', taskQueue: 'genie-previous-revision-replay' }
2026-09-19T10:00:22.529Z [INFO] Worker state changed {
  sdkComponent: 'worker',
  taskQueue: 'genie-previous-revision-replay',
  state: 'STOPPING'
}
2026-09-19T10:00:22.530Z [INFO] Worker state changed {
  sdkComponent: 'worker',
  taskQueue: 'genie-previous-revision-replay',
  state: 'DRAINING'
}
2026-09-19T10:00:22.531Z [INFO] Worker state changed {
  sdkComponent: 'worker',
  taskQueue: 'genie-previous-revision-replay',
  state: 'DRAINED'
}
2026-09-19T10:00:22.531Z [INFO] Worker state changed {
  sdkComponent: 'worker',
  taskQueue: 'genie-previous-revision-replay',
  state: 'STOPPED'
}
2026-09-19T10:00:22.686Z [INFO] asset workflow-bundle-b4e436aea3e0faaf8a07.js 1.58 MiB [emitted] [immutable] (name: main)
runtime modules 1.34 KiB 4 modules
modules by path ../../node_modules/.pnpm/ 438 KiB
  modules by path ../../node_modules/.pnpm/@temporalio+common@1.22.0/node_modules/@temporal...(truncated) 161 KiB 35 modules
  modules by path ../../node_modules/.pnpm/@temporalio+workflow@1.22.0/node_modules/@tempor...(truncated) 202 KiB 26 modules
  modules by path ../../node_modules/.pnpm/nexus-rpc@0.0.2/node_modules/nexus-rpc/lib/ 22.3 KiB 13 modules
  ../../node_modules/.pnpm/long@5.3.2/node_modules/long/umd/index.js 49.8 KiB [built] [code generated]
  ../../node_modules/.pnpm/ms@3.0.0-canary.1/node_modules/ms/dist/index.cjs 3.41 KiB [built] [code generated]
modules by path ./src/ 32.5 KiB
  ./src/workflows-autogenerated-entrypoint.cjs 502 bytes [built] [code generated]
  ./src/workflows.ts 16.1 KiB [built] [code generated]
  ./src/plan.ts 15.9 KiB [built] [code generated]
optional modules 30 bytes [optional]
  __temporal_custom_payload_converter (ignored) 15 bytes [optional] [built] [code generated]
  __temporal_custom_failure_converter (ignored) 15 bytes [optional] [built] [code generated]
webpack 5.109.2 compiled successfully in 132 ms { sdkComponent: 'worker', taskQueue: 'fake_replay_queue-0' }
2026-09-19T10:00:22.687Z [INFO] Workflow bundle created {
  sdkComponent: 'worker',
  taskQueue: 'fake_replay_queue-0',
  size: '1.58MB'
}
2026-09-19T10:00:22.709Z [INFO] Worker state changed {
  sdkComponent: 'worker',
  taskQueue: 'fake_replay_queue-0',
  state: 'RUNNING'
}
2026-09-19T10:00:22.727Z [INFO] Worker state changed {
  sdkComponent: 'worker',
  taskQueue: 'fake_replay_queue-0',
  state: 'STOPPING'
}
2026-09-19T10:00:22.727Z [INFO] Worker state changed {
  sdkComponent: 'worker',
  taskQueue: 'fake_replay_queue-0',
  state: 'DRAINING'
}
2026-09-19T10:00:22.727Z [INFO] Worker state changed {
  sdkComponent: 'worker',
  taskQueue: 'fake_replay_queue-0',
  state: 'DRAINED'
}
2026-09-19T10:00:22.727Z [INFO] Worker state changed {
  sdkComponent: 'worker',
  taskQueue: 'fake_replay_queue-0',
  state: 'STOPPED'
}
2026-09-19T10:00:22.872Z [INFO] asset workflow-bundle-b4e436aea3e0faaf8a07.js 1.58 MiB [emitted] [immutable] (name: main)
runtime modules 1.34 KiB 4 modules
modules by path ../../node_modules/.pnpm/ 438 KiB
  modules by path ../../node_modules/.pnpm/@temporalio+common@1.22.0/node_modules/@temporal...(truncated) 161 KiB 35 modules
  modules by path ../../node_modules/.pnpm/@temporalio+workflow@1.22.0/node_modules/@tempor...(truncated) 202 KiB 26 modules
  modules by path ../../node_modules/.pnpm/nexus-rpc@0.0.2/node_modules/nexus-rpc/lib/ 22.3 KiB 13 modules
  ../../node_modules/.pnpm/long@5.3.2/node_modules/long/umd/index.js 49.8 KiB [built] [code generated]
  ../../node_modules/.pnpm/ms@3.0.0-canary.1/node_modules/ms/dist/index.cjs 3.41 KiB [built] [code generated]
modules by path ./src/ 32.5 KiB
  ./src/workflows-autogenerated-entrypoint.cjs 502 bytes [built] [code generated]
  ./src/workflows.ts 16.1 KiB [built] [code generated]
  ./src/plan.ts 15.9 KiB [built] [code generated]
optional modules 30 bytes [optional]
  __temporal_custom_payload_converter (ignored) 15 bytes [optional] [built] [code generated]
  __temporal_custom_failure_converter (ignored) 15 bytes [optional] [built] [code generated]
webpack 5.109.2 compiled successfully in 139 ms { sdkComponent: 'worker', taskQueue: 'fake_replay_queue-1' }
2026-09-19T10:00:22.873Z [INFO] Workflow bundle created {
  sdkComponent: 'worker',
  taskQueue: 'fake_replay_queue-1',
  size: '1.58MB'
}
2026-09-19T10:00:22.884Z [INFO] Worker state changed {
  sdkComponent: 'worker',
  taskQueue: 'fake_replay_queue-1',
  state: 'RUNNING'
}
2026-09-19T10:00:22.893Z [INFO] Worker state changed {
  sdkComponent: 'worker',
  taskQueue: 'fake_replay_queue-1',
  state: 'STOPPING'
}
2026-09-19T10:00:22.893Z [INFO] Worker state changed {
  sdkComponent: 'worker',
  taskQueue: 'fake_replay_queue-1',
  state: 'DRAINING'
}
2026-09-19T10:00:22.893Z [INFO] Worker state changed {
  sdkComponent: 'worker',
  taskQueue: 'fake_replay_queue-1',
  state: 'DRAINED'
}
2026-09-19T10:00:22.893Z [INFO] Worker state changed {
  sdkComponent: 'worker',
  taskQueue: 'fake_replay_queue-1',
  state: 'STOPPED'
}
 ✓ test/replay-history.test.ts (3 tests) 1535ms
   ✓ capture previous-revision histories on an isolated real Temporal server  1181ms

 Test Files  1 passed (1)
      Tests  3 passed (3)
   Start at  19:00:21
   Duration  1.89s (transform 28ms, setup 0ms, collect 165ms, tests 1.54s, environment 0ms, prepare 36ms)

