
> @genie/service-task@0.0.0 test /Users/shuhei/Projects/genie/services/task
> vitest run --passWithNoTests test/replay-history.test.ts


 RUN  v3.2.7 /Users/shuhei/Projects/genie/services/task

time=2026-09-19T18:56:49.714 level=WARN msg="Cluster Id in Cluster Metadata config is not a valid uuid. Generating a new Cluster Id" component=metadata-initializer
Temporal CLI 1.8.3 (Server 1.31.2, UI 2.50.1)

Temporal Server:      localhost:52083
Temporal Persistence: in-memory
Temporal Metrics:     http://localhost:52086/metrics
2026-09-19T09:56:50.173Z [ERROR] asset workflow-bundle-24372df736ed1cb3f334.js 2.94 KiB [emitted] [immutable] (name: main)
../../../../../../private/var/folders/xn/mdmvpkwd0yx4tcr7rvn_3xv80000gn/T/genie-...(truncated) 39 bytes [built] [code generated] [1 error]

ERROR in ../../../../../../private/var/folders/xn/mdmvpkwd0yx4tcr7rvn_3xv80000gn/T/genie-replay-old-xqUcg4/workflows-autogenerated-entrypoint.cjs
Module build failed: Error: ENOENT: no such file or directory, open '/private/var/folders/xn/mdmvpkwd0yx4tcr7rvn_3xv80000gn/T/genie-replay-old-xqUcg4/workflows-autogenerated-entrypoint.cjs'
    at Object.toError (/Users/shuhei/Projects/genie/node_modules/.pnpm/@jsonjoy.com+fs-core@4.68.1_tslib@2.8.1/node_modules/@jsonjoy.com/fs-core/src/util.ts:189:21)
    at Superblock.getResolvedLinkOrThrow (/Users/shuhei/Projects/genie/node_modules/.pnpm/@jsonjoy.com+fs-core@4.68.1_tslib@2.8.1/node_modules/@jsonjoy.com/fs-core/src/Superblock.ts:323:22)
    at Volume._readfile (/Users/shuhei/Projects/genie/node_modules/.pnpm/@jsonjoy.com+fs-node@4.68.1_tslib@2.8.1/node_modules/@jsonjoy.com/fs-node/src/volume.ts:413:31)
    at /Users/shuhei/Projects/genie/node_modules/.pnpm/@jsonjoy.com+fs-node@4.68.1_tslib@2.8.1/node_modules/@jsonjoy.com/fs-node/src/volume.ts:267:25

webpack 5.109.2 compiled with 1 error in 52 ms { sdkComponent: 'worker', taskQueue: 'genie-previous-revision-replay' }
 ❯ test/replay-history.test.ts (3 tests | 3 failed) 788ms
   × capture previous-revision histories on an isolated real Temporal server 786ms
     → Webpack finished with errors, if you're unsure what went wrong, visit our troubleshooting page at https://docs.temporal.io/develop/typescript/debugging#webpack-errors
   × previous-revision workflow replay with old void terminal activities > replays completed history without nondeterminism 1ms
     → ENOENT: no such file or directory, open '/Users/shuhei/Projects/genie/services/task/test/replay-fixtures/completed.json'
   × previous-revision workflow replay with old void terminal activities > replays cancelled history without nondeterminism 0ms
     → ENOENT: no such file or directory, open '/Users/shuhei/Projects/genie/services/task/test/replay-fixtures/cancelled.json'

⎯⎯⎯⎯⎯⎯⎯ Failed Tests 3 ⎯⎯⎯⎯⎯⎯⎯

 FAIL  test/replay-history.test.ts > capture previous-revision histories on an isolated real Temporal server
Error: Webpack finished with errors, if you're unsure what went wrong, visit our troubleshooting page at https://docs.temporal.io/develop/typescript/debugging#webpack-errors
 ❯ ../../node_modules/.pnpm/@temporalio+worker@1.22.0/node_modules/@temporalio/worker/src/workflow/bundler.ts:331:17
 ❯ finalCallback ../../node_modules/.pnpm/webpack@5.109.2_@swc+core@1.16.1/node_modules/webpack/lib/Compiler.js:582:32
 ❯ ../../node_modules/.pnpm/webpack@5.109.2_@swc+core@1.16.1/node_modules/webpack/lib/Compiler.js:661:17
 ❯ ../../node_modules/.pnpm/webpack@5.109.2_@swc+core@1.16.1/node_modules/webpack/lib/errors/HookWebpackError.js:99:2
 ❯ Hook.eval [as callAsync] ../../node_modules/.pnpm/tapable@2.3.3/node_modules/tapable/lib/HookCodeFactory.js:31:10
 ❯ Hook.CALL_ASYNC_DELEGATE [as _callAsync] ../../node_modules/.pnpm/tapable@2.3.3/node_modules/tapable/lib/Hook.js:21:14
 ❯ Cache.storeBuildDependencies ../../node_modules/.pnpm/webpack@5.109.2_@swc+core@1.16.1/node_modules/webpack/lib/Cache.js:146:37
 ❯ ../../node_modules/.pnpm/webpack@5.109.2_@swc+core@1.16.1/node_modules/webpack/lib/Compiler.js:657:19
 ❯ Hook.eval [as callAsync] ../../node_modules/.pnpm/tapable@2.3.3/node_modules/tapable/lib/HookCodeFactory.js:31:10
 ❯ Hook.CALL_ASYNC_DELEGATE [as _callAsync] ../../node_modules/.pnpm/tapable@2.3.3/node_modules/tapable/lib/Hook.js:21:14

⎯⎯⎯⎯⎯⎯⎯⎯⎯⎯⎯⎯⎯⎯⎯⎯⎯⎯⎯⎯⎯⎯⎯⎯[1/3]⎯

 FAIL  test/replay-history.test.ts > previous-revision workflow replay with old void terminal activities > replays completed history without nondeterminism
Error: ENOENT: no such file or directory, open '/Users/shuhei/Projects/genie/services/task/test/replay-fixtures/completed.json'
 ❯ test/replay-history.test.ts:77:20
     75|   for (const scenario of ['completed', 'cancelled']) {
     76|     it(`replays ${scenario} history without nondeterminism`, async () …
     77|       const json = await readFile(path.join(fixtureDir, `${scenario}.j…
       |                    ^
     78|       const provenance = JSON.parse(await readFile(path.join(fixtureDi…
     79|       expect(sha256(json)).toBe(provenance.historySha256[scenario]);

⎯⎯⎯⎯⎯⎯⎯⎯⎯⎯⎯⎯⎯⎯⎯⎯⎯⎯⎯⎯⎯⎯⎯⎯[2/3]⎯

 FAIL  test/replay-history.test.ts > previous-revision workflow replay with old void terminal activities > replays cancelled history without nondeterminism
Error: ENOENT: no such file or directory, open '/Users/shuhei/Projects/genie/services/task/test/replay-fixtures/cancelled.json'
 ❯ test/replay-history.test.ts:77:20
     75|   for (const scenario of ['completed', 'cancelled']) {
     76|     it(`replays ${scenario} history without nondeterminism`, async () …
     77|       const json = await readFile(path.join(fixtureDir, `${scenario}.j…
       |                    ^
     78|       const provenance = JSON.parse(await readFile(path.join(fixtureDi…
     79|       expect(sha256(json)).toBe(provenance.historySha256[scenario]);

⎯⎯⎯⎯⎯⎯⎯⎯⎯⎯⎯⎯⎯⎯⎯⎯⎯⎯⎯⎯⎯⎯⎯⎯[3/3]⎯


 Test Files  1 failed (1)
      Tests  3 failed (3)
   Start at  18:56:48
   Duration  1.26s (transform 51ms, setup 0ms, collect 274ms, tests 788ms, environment 0ms, prepare 44ms)

/Users/shuhei/Projects/genie/services/task:
 ERR_PNPM_RECURSIVE_RUN_FIRST_FAIL  @genie/service-task@0.0.0 test: `vitest run --passWithNoTests test/replay-history.test.ts`
Exit status 1
