
> @genie/service-task@0.0.0 test /Users/shuhei/Projects/genie/services/task
> vitest run --passWithNoTests test/replay-history.test.ts


 RUN  v3.2.7 /Users/shuhei/Projects/genie/services/task

time=2026-09-19T18:57:14.694 level=WARN msg="Cluster Id in Cluster Metadata config is not a valid uuid. Generating a new Cluster Id" component=metadata-initializer
Temporal CLI 1.8.3 (Server 1.31.2, UI 2.50.1)

Temporal Server:      localhost:52127
Temporal Persistence: in-memory
Temporal Metrics:     http://localhost:52128/metrics
2026-09-19T09:57:15.342Z [INFO] asset workflow-bundle-5059a284af64e926e133.js 1.58 MiB [emitted] [immutable] (name: main)
runtime modules 1.34 KiB 4 modules
modules by path ../../node_modules/.pnpm/ 438 KiB
  modules by path ../../node_modules/.pnpm/@temporalio+common@1.22.0/node_modules/@temporal...(truncated) 161 KiB 35 modules
  modules by path ../../node_modules/.pnpm/@temporalio+workflow@1.22.0/node_modules/@tempor...(truncated) 202 KiB 26 modules
  modules by path ../../node_modules/.pnpm/nexus-rpc@0.0.2/node_modules/nexus-rpc/lib/ 22.3 KiB 13 modules
  ../../node_modules/.pnpm/long@5.3.2/node_modules/long/umd/index.js 49.8 KiB [built] [code generated]
  ../../node_modules/.pnpm/ms@3.0.0-canary.1/node_modules/ms/dist/index.cjs 3.41 KiB [built] [code generated]
modules by path ../../../../../../private/var/folders/xn/mdmvpkwd0yx4tcr7rvn_3xv80000gn/T/genie-...(truncated) 31.9 KiB
  ../../../../../../private/var/folders/xn/mdmvpkwd0yx4tcr7rvn_3xv80000gn/T/genie-...(truncated) 536 bytes [built] [code generated]
  ../../../../../../private/var/folders/xn/mdmvpkwd0yx4tcr7rvn_3xv80000gn/T/genie-...(truncated) 15.5 KiB [built] [code generated]
  ../../../../../../private/var/folders/xn/mdmvpkwd0yx4tcr7rvn_3xv80000gn/T/genie-...(truncated) 15.9 KiB [built] [code generated]
optional modules 30 bytes [optional]
  __temporal_custom_payload_converter (ignored) 15 bytes [optional] [built] [code generated]
  __temporal_custom_failure_converter (ignored) 15 bytes [optional] [built] [code generated]
webpack 5.109.2 compiled successfully in 307 ms { sdkComponent: 'worker', taskQueue: 'genie-previous-revision-replay' }
2026-09-19T09:57:15.343Z [INFO] Workflow bundle created {
  sdkComponent: 'worker',
  taskQueue: 'genie-previous-revision-replay',
  size: '1.58MB'
}
2026-09-19T09:57:15.466Z [INFO] Worker state changed {
  sdkComponent: 'worker',
  taskQueue: 'genie-previous-revision-replay',
  state: 'RUNNING'
}
2026-09-19T09:57:15.467Z [INFO] No Nexus services registered, not polling for Nexus tasks { sdkComponent: 'worker', taskQueue: 'genie-previous-revision-replay' }
2026-09-19T09:57:15.518Z [ERROR] Error while processing ActivityTask.start: Activity function requestApprovalIfNeeded is not registered on this Worker, available activities: ["startTask","executeStep","composeArtifact","completeTask","cancelTask"] {
  sdkComponent: 'worker',
  taskQueue: 'genie-previous-revision-replay',
  isLocal: false,
  attempt: 1,
  namespace: 'default',
  taskToken: 'CiQwMWEwYjkxOS0zZjQwLTcyNTktOGJiMy1mZmZkYmFmNzEwMTkSFGhpc3RvcmljYWwtY29tcGxldGVkGiQwMWEwYjkxOS00MjUwLTdjMjUtYjc3Ni02MGJkM2E5YjRlYTkgCygBMgEyQhdyZXF1ZXN0QXBwcm92YWxJZk5lZWRlZEoICAEQq4BAGAE=',
  activityId: '2',
  activityType: 'requestApprovalIfNeeded',
  workflowId: 'historical-completed',
  workflowRunId: '01a0b919-4250-7c25-b776-60bd3a9b4ea9',
  workflowType: 'TaskWorkflow',
  error: ApplicationFailure: Activity function requestApprovalIfNeeded is not registered on this Worker, available activities: ["startTask","executeStep","composeArtifact","completeTask","cancelTask"]
      at ApplicationFailure.create (/Users/shuhei/Projects/genie/node_modules/.pnpm/@temporalio+common@1.22.0/node_modules/@temporalio/common/src/failure.ts:227:12)
      at /Users/shuhei/Projects/genie/node_modules/.pnpm/@temporalio+worker@1.22.0/node_modules/@temporalio/worker/src/worker.ts:1103:48 {
    cause: undefined,
    failure: undefined,
    type: 'NotFoundError',
    nonRetryable: false,
    details: undefined,
    nextRetryDelay: undefined,
    category: undefined
  },
  task: '{"taskToken":"CiQwMWEwYjkxOS0zZjQwLTcyNTktOGJiMy1mZmZkYmFmNzEwMTkSFGhpc3RvcmljYWwtY29tcGxldGVkGiQwMWEwYjkxOS00MjUwLTdjMjUtYjc3Ni02MGJkM2E5YjRlYTkgCygBMgEyQhdyZXF1ZXN0QXBwcm92YWxJZk5lZWRlZEoICAEQq4BAGAE=","start":{"workflowNamespace":"default","workflowType":"TaskWorkflow","workflowExecution":{"workflowId":"historical-completed","runId":"01a0b919-4250-7c25-b776-60bd3a9b4ea9"},"activityId":"2","activityType":"requestApprovalIfNeeded","input":[{"metadata":{"encoding":"anNvbi9wbGFpbg=="},"data":"eyJ0YXNrSWQiOiJmaXh0dXJlLWNvbXBsZXRlZCIsInRlbmFudElkIjoic3ludGhldGljLXRlbmFudCIsInVzZXJJZCI6InN5bnRoZXRpYy11c2VyIiwia2luZCI6ImVjaG8iLCJpbnB1dCI6eyJtZXNzYWdlIjoic3ludGhldGljIGxvY2FsIGNoZWNrbGlzdCIsInN0ZXBzIjoxfX0="},{"metadata":{"encoding":"anNvbi9wbGFpbg=="},"data":"eyJpbmRleCI6MCwidG9vbElkIjoibm9vcC5lY2hvIiwicmlzayI6IlJFQUQiLCJzdXJmYWNlIjoiY2xvdWQiLCJtZXNzYWdlIjoi5Yem55CG44GX44Gm44GE44G+44GZICgxLzEpIiwiYXJncyI6eyJtZXNzYWdlIjoic3ludGhldGljIGxvY2FsIGNoZWNrbGlzdCIsInN0ZXAiOjB9fQ=="}],"scheduledTime":{"seconds":"1789811835","nanos":515252000},"currentAttemptScheduledTime":{"seconds":"1789811835","nanos":515252000},"startedTime":{"seconds":"1789811835","nanos":516144000},"attempt":1,"scheduleToCloseTimeout":{},"startToCloseTimeout":{"seconds":"30"},"heartbeatTimeout":{},"retryPolicy":{"initialInterval":{"seconds":"1"},"backoffCoefficient":2,"maximumInterval":{"seconds":"100"},"maximumAttempts":10,"nonRetryableErrorTypes":["TaskGone"]}}}',
  taskEncoded: 'CowBCiQwMWEwYjkxOS0zZjQwLTcyNTktOGJiMy1mZmZkYmFmNzEwMTkSFGhpc3RvcmljYWwtY29tcGxldGVkGiQwMWEwYjkxOS00MjUwLTdjMjUtYjc3Ni02MGJkM2E5YjRlYTkgCygBMgEyQhdyZXF1ZXN0QXBwcm92YWxJZk5lZWRlZEoICAEQq4BAGAEavwQKB2RlZmF1bHQSDFRhc2tXb3JrZmxvdxo8ChRoaXN0b3JpY2FsLWNvbXBsZXRlZBIkMDFhMGI5MTktNDI1MC03YzI1LWI3NzYtNjBiZDNhOWI0ZWE5IgEyKhdyZXF1ZXN0QXBwcm92YWxJZk5lZWRlZDq5AQoWCghlbmNvZGluZxIKanNvbi9wbGFpbhKeAXsidGFza0lkIjoiZml4dHVyZS1jb21wbGV0ZWQiLCJ0ZW5hbnRJZCI6InN5bnRoZXRpYy10ZW5hbnQiLCJ1c2VySWQiOiJzeW50aGV0aWMtdXNlciIsImtpbmQiOiJlY2hvIiwiaW5wdXQiOnsibWVzc2FnZSI6InN5bnRoZXRpYyBsb2NhbCBjaGVja2xpc3QiLCJzdGVwcyI6MX19OrsBChYKCGVuY29kaW5nEgpqc29uL3BsYWluEqABeyJpbmRleCI6MCwidG9vbElkIjoibm9vcC5lY2hvIiwicmlzayI6IlJFQUQiLCJzdXJmYWNlIjoiY2xvdWQiLCJtZXNzYWdlIjoi5Yem55CG44GX44Gm44GE44G+44GZICgxLzEpIiwiYXJncyI6eyJtZXNzYWdlIjoic3ludGhldGljIGxvY2FsIGNoZWNrbGlzdCIsInN0ZXAiOjB9fUoMCPu4udUGEKC+2PUBUgwI+7i51QYQoL7Y9QFaDAj7uLnVBhCA9472AWABagByAggeegCCAR0KAggBEQAAAAAAAABAGgIIZCAKKghUYXNrR29uZQ=='
}
2026-09-19T09:57:16.526Z [ERROR] Error while processing ActivityTask.start: Activity function requestApprovalIfNeeded is not registered on this Worker, available activities: ["startTask","executeStep","composeArtifact","completeTask","cancelTask"] {
  sdkComponent: 'worker',
  taskQueue: 'genie-previous-revision-replay',
  isLocal: false,
  attempt: 2,
  namespace: 'default',
  taskToken: 'CiQwMWEwYjkxOS0zZjQwLTcyNTktOGJiMy1mZmZkYmFmNzEwMTkSFGhpc3RvcmljYWwtY29tcGxldGVkGiQwMWEwYjkxOS00MjUwLTdjMjUtYjc3Ni02MGJkM2E5YjRlYTkgCygCMgEyQhdyZXF1ZXN0QXBwcm92YWxJZk5lZWRlZEoICAEQroBAGAE=',
  activityId: '2',
  activityType: 'requestApprovalIfNeeded',
  workflowId: 'historical-completed',
  workflowRunId: '01a0b919-4250-7c25-b776-60bd3a9b4ea9',
  workflowType: 'TaskWorkflow',
  error: ApplicationFailure: Activity function requestApprovalIfNeeded is not registered on this Worker, available activities: ["startTask","executeStep","composeArtifact","completeTask","cancelTask"]
      at ApplicationFailure.create (/Users/shuhei/Projects/genie/node_modules/.pnpm/@temporalio+common@1.22.0/node_modules/@temporalio/common/src/failure.ts:227:12)
      at /Users/shuhei/Projects/genie/node_modules/.pnpm/@temporalio+worker@1.22.0/node_modules/@temporalio/worker/src/worker.ts:1103:48 {
    cause: undefined,
    failure: undefined,
    type: 'NotFoundError',
    nonRetryable: false,
    details: undefined,
    nextRetryDelay: undefined,
    category: undefined
  },
  task: '{"taskToken":"CiQwMWEwYjkxOS0zZjQwLTcyNTktOGJiMy1mZmZkYmFmNzEwMTkSFGhpc3RvcmljYWwtY29tcGxldGVkGiQwMWEwYjkxOS00MjUwLTdjMjUtYjc3Ni02MGJkM2E5YjRlYTkgCygCMgEyQhdyZXF1ZXN0QXBwcm92YWxJZk5lZWRlZEoICAEQroBAGAE=","start":{"workflowNamespace":"default","workflowType":"TaskWorkflow","workflowExecution":{"workflowId":"historical-completed","runId":"01a0b919-4250-7c25-b776-60bd3a9b4ea9"},"activityId":"2","activityType":"requestApprovalIfNeeded","input":[{"metadata":{"encoding":"anNvbi9wbGFpbg=="},"data":"eyJ0YXNrSWQiOiJmaXh0dXJlLWNvbXBsZXRlZCIsInRlbmFudElkIjoic3ludGhldGljLXRlbmFudCIsInVzZXJJZCI6InN5bnRoZXRpYy11c2VyIiwia2luZCI6ImVjaG8iLCJpbnB1dCI6eyJtZXNzYWdlIjoic3ludGhldGljIGxvY2FsIGNoZWNrbGlzdCIsInN0ZXBzIjoxfX0="},{"metadata":{"encoding":"anNvbi9wbGFpbg=="},"data":"eyJpbmRleCI6MCwidG9vbElkIjoibm9vcC5lY2hvIiwicmlzayI6IlJFQUQiLCJzdXJmYWNlIjoiY2xvdWQiLCJtZXNzYWdlIjoi5Yem55CG44GX44Gm44GE44G+44GZICgxLzEpIiwiYXJncyI6eyJtZXNzYWdlIjoic3ludGhldGljIGxvY2FsIGNoZWNrbGlzdCIsInN0ZXAiOjB9fQ=="}],"scheduledTime":{"seconds":"1789811835","nanos":515252000},"currentAttemptScheduledTime":{"seconds":"1789811836","nanos":520891000},"startedTime":{"seconds":"1789811836","nanos":523316000},"attempt":2,"scheduleToCloseTimeout":{},"startToCloseTimeout":{"seconds":"30"},"heartbeatTimeout":{},"retryPolicy":{"initialInterval":{"seconds":"1"},"backoffCoefficient":2,"maximumInterval":{"seconds":"100"},"maximumAttempts":10,"nonRetryableErrorTypes":["TaskGone"]}}}',
  taskEncoded: 'CowBCiQwMWEwYjkxOS0zZjQwLTcyNTktOGJiMy1mZmZkYmFmNzEwMTkSFGhpc3RvcmljYWwtY29tcGxldGVkGiQwMWEwYjkxOS00MjUwLTdjMjUtYjc3Ni02MGJkM2E5YjRlYTkgCygCMgEyQhdyZXF1ZXN0QXBwcm92YWxJZk5lZWRlZEoICAEQroBAGAEavwQKB2RlZmF1bHQSDFRhc2tXb3JrZmxvdxo8ChRoaXN0b3JpY2FsLWNvbXBsZXRlZBIkMDFhMGI5MTktNDI1MC03YzI1LWI3NzYtNjBiZDNhOWI0ZWE5IgEyKhdyZXF1ZXN0QXBwcm92YWxJZk5lZWRlZDq5AQoWCghlbmNvZGluZxIKanNvbi9wbGFpbhKeAXsidGFza0lkIjoiZml4dHVyZS1jb21wbGV0ZWQiLCJ0ZW5hbnRJZCI6InN5bnRoZXRpYy10ZW5hbnQiLCJ1c2VySWQiOiJzeW50aGV0aWMtdXNlciIsImtpbmQiOiJlY2hvIiwiaW5wdXQiOnsibWVzc2FnZSI6InN5bnRoZXRpYyBsb2NhbCBjaGVja2xpc3QiLCJzdGVwcyI6MX19OrsBChYKCGVuY29kaW5nEgpqc29uL3BsYWluEqABeyJpbmRleCI6MCwidG9vbElkIjoibm9vcC5lY2hvIiwicmlzayI6IlJFQUQiLCJzdXJmYWNlIjoiY2xvdWQiLCJtZXNzYWdlIjoi5Yem55CG44GX44Gm44GE44G+44GZICgxLzEpIiwiYXJncyI6eyJtZXNzYWdlIjoic3ludGhldGljIGxvY2FsIGNoZWNrbGlzdCIsInN0ZXAiOjB9fUoMCPu4udUGEKC+2PUBUgwI/Li51QYQ+NSw+AFaDAj8uLnVBhCg1sT5AWACagByAggeegCCAR0KAggBEQAAAAAAAABAGgIIZCAKKghUYXNrR29uZQ=='
}
2026-09-19T09:57:18.532Z [ERROR] Error while processing ActivityTask.start: Activity function requestApprovalIfNeeded is not registered on this Worker, available activities: ["startTask","executeStep","composeArtifact","completeTask","cancelTask"] {
  sdkComponent: 'worker',
  taskQueue: 'genie-previous-revision-replay',
  isLocal: false,
  attempt: 3,
  namespace: 'default',
  taskToken: 'CiQwMWEwYjkxOS0zZjQwLTcyNTktOGJiMy1mZmZkYmFmNzEwMTkSFGhpc3RvcmljYWwtY29tcGxldGVkGiQwMWEwYjkxOS00MjUwLTdjMjUtYjc3Ni02MGJkM2E5YjRlYTkgCygDMgEyQhdyZXF1ZXN0QXBwcm92YWxJZk5lZWRlZEoICAEQsYBAGAE=',
  activityId: '2',
  activityType: 'requestApprovalIfNeeded',
  workflowId: 'historical-completed',
  workflowRunId: '01a0b919-4250-7c25-b776-60bd3a9b4ea9',
  workflowType: 'TaskWorkflow',
  error: ApplicationFailure: Activity function requestApprovalIfNeeded is not registered on this Worker, available activities: ["startTask","executeStep","composeArtifact","completeTask","cancelTask"]
      at ApplicationFailure.create (/Users/shuhei/Projects/genie/node_modules/.pnpm/@temporalio+common@1.22.0/node_modules/@temporalio/common/src/failure.ts:227:12)
      at /Users/shuhei/Projects/genie/node_modules/.pnpm/@temporalio+worker@1.22.0/node_modules/@temporalio/worker/src/worker.ts:1103:48 {
    cause: undefined,
    failure: undefined,
    type: 'NotFoundError',
    nonRetryable: false,
    details: undefined,
    nextRetryDelay: undefined,
    category: undefined
  },
  task: '{"taskToken":"CiQwMWEwYjkxOS0zZjQwLTcyNTktOGJiMy1mZmZkYmFmNzEwMTkSFGhpc3RvcmljYWwtY29tcGxldGVkGiQwMWEwYjkxOS00MjUwLTdjMjUtYjc3Ni02MGJkM2E5YjRlYTkgCygDMgEyQhdyZXF1ZXN0QXBwcm92YWxJZk5lZWRlZEoICAEQsYBAGAE=","start":{"workflowNamespace":"default","workflowType":"TaskWorkflow","workflowExecution":{"workflowId":"historical-completed","runId":"01a0b919-4250-7c25-b776-60bd3a9b4ea9"},"activityId":"2","activityType":"requestApprovalIfNeeded","input":[{"metadata":{"encoding":"anNvbi9wbGFpbg=="},"data":"eyJ0YXNrSWQiOiJmaXh0dXJlLWNvbXBsZXRlZCIsInRlbmFudElkIjoic3ludGhldGljLXRlbmFudCIsInVzZXJJZCI6InN5bnRoZXRpYy11c2VyIiwia2luZCI6ImVjaG8iLCJpbnB1dCI6eyJtZXNzYWdlIjoic3ludGhldGljIGxvY2FsIGNoZWNrbGlzdCIsInN0ZXBzIjoxfX0="},{"metadata":{"encoding":"anNvbi9wbGFpbg=="},"data":"eyJpbmRleCI6MCwidG9vbElkIjoibm9vcC5lY2hvIiwicmlzayI6IlJFQUQiLCJzdXJmYWNlIjoiY2xvdWQiLCJtZXNzYWdlIjoi5Yem55CG44GX44Gm44GE44G+44GZICgxLzEpIiwiYXJncyI6eyJtZXNzYWdlIjoic3ludGhldGljIGxvY2FsIGNoZWNrbGlzdCIsInN0ZXAiOjB9fQ=="}],"scheduledTime":{"seconds":"1789811835","nanos":515252000},"currentAttemptScheduledTime":{"seconds":"1789811838","nanos":527703000},"startedTime":{"seconds":"1789811838","nanos":529803000},"attempt":3,"scheduleToCloseTimeout":{},"startToCloseTimeout":{"seconds":"30"},"heartbeatTimeout":{},"retryPolicy":{"initialInterval":{"seconds":"1"},"backoffCoefficient":2,"maximumInterval":{"seconds":"100"},"maximumAttempts":10,"nonRetryableErrorTypes":["TaskGone"]}}}',
  taskEncoded: 'CowBCiQwMWEwYjkxOS0zZjQwLTcyNTktOGJiMy1mZmZkYmFmNzEwMTkSFGhpc3RvcmljYWwtY29tcGxldGVkGiQwMWEwYjkxOS00MjUwLTdjMjUtYjc3Ni02MGJkM2E5YjRlYTkgCygDMgEyQhdyZXF1ZXN0QXBwcm92YWxJZk5lZWRlZEoICAEQsYBAGAEavwQKB2RlZmF1bHQSDFRhc2tXb3JrZmxvdxo8ChRoaXN0b3JpY2FsLWNvbXBsZXRlZBIkMDFhMGI5MTktNDI1MC03YzI1LWI3NzYtNjBiZDNhOWI0ZWE5IgEyKhdyZXF1ZXN0QXBwcm92YWxJZk5lZWRlZDq5AQoWCghlbmNvZGluZxIKanNvbi9wbGFpbhKeAXsidGFza0lkIjoiZml4dHVyZS1jb21wbGV0ZWQiLCJ0ZW5hbnRJZCI6InN5bnRoZXRpYy10ZW5hbnQiLCJ1c2VySWQiOiJzeW50aGV0aWMtdXNlciIsImtpbmQiOiJlY2hvIiwiaW5wdXQiOnsibWVzc2FnZSI6InN5bnRoZXRpYyBsb2NhbCBjaGVja2xpc3QiLCJzdGVwcyI6MX19OrsBChYKCGVuY29kaW5nEgpqc29uL3BsYWluEqABeyJpbmRleCI6MCwidG9vbElkIjoibm9vcC5lY2hvIiwicmlzayI6IlJFQUQiLCJzdXJmYWNlIjoiY2xvdWQiLCJtZXNzYWdlIjoi5Yem55CG44GX44Gm44GE44G+44GZICgxLzEpIiwiYXJncyI6eyJtZXNzYWdlIjoic3ludGhldGljIGxvY2FsIGNoZWNrbGlzdCIsInN0ZXAiOjB9fUoMCPu4udUGEKC+2PUBUgwI/ri51QYQ2LfQ+wFaDAj+uLnVBhD4zdD8AWADagByAggeegCCAR0KAggBEQAAAAAAAABAGgIIZCAKKghUYXNrR29uZQ=='
}
2026-09-19T09:57:22.539Z [ERROR] Error while processing ActivityTask.start: Activity function requestApprovalIfNeeded is not registered on this Worker, available activities: ["startTask","executeStep","composeArtifact","completeTask","cancelTask"] {
  sdkComponent: 'worker',
  taskQueue: 'genie-previous-revision-replay',
  isLocal: false,
  attempt: 4,
  namespace: 'default',
  taskToken: 'CiQwMWEwYjkxOS0zZjQwLTcyNTktOGJiMy1mZmZkYmFmNzEwMTkSFGhpc3RvcmljYWwtY29tcGxldGVkGiQwMWEwYjkxOS00MjUwLTdjMjUtYjc3Ni02MGJkM2E5YjRlYTkgCygEMgEyQhdyZXF1ZXN0QXBwcm92YWxJZk5lZWRlZEoICAEQtIBAGAE=',
  activityId: '2',
  activityType: 'requestApprovalIfNeeded',
  workflowId: 'historical-completed',
  workflowRunId: '01a0b919-4250-7c25-b776-60bd3a9b4ea9',
  workflowType: 'TaskWorkflow',
  error: ApplicationFailure: Activity function requestApprovalIfNeeded is not registered on this Worker, available activities: ["startTask","executeStep","composeArtifact","completeTask","cancelTask"]
      at ApplicationFailure.create (/Users/shuhei/Projects/genie/node_modules/.pnpm/@temporalio+common@1.22.0/node_modules/@temporalio/common/src/failure.ts:227:12)
      at /Users/shuhei/Projects/genie/node_modules/.pnpm/@temporalio+worker@1.22.0/node_modules/@temporalio/worker/src/worker.ts:1103:48 {
    cause: undefined,
    failure: undefined,
    type: 'NotFoundError',
    nonRetryable: false,
    details: undefined,
    nextRetryDelay: undefined,
    category: undefined
  },
  task: '{"taskToken":"CiQwMWEwYjkxOS0zZjQwLTcyNTktOGJiMy1mZmZkYmFmNzEwMTkSFGhpc3RvcmljYWwtY29tcGxldGVkGiQwMWEwYjkxOS00MjUwLTdjMjUtYjc3Ni02MGJkM2E5YjRlYTkgCygEMgEyQhdyZXF1ZXN0QXBwcm92YWxJZk5lZWRlZEoICAEQtIBAGAE=","start":{"workflowNamespace":"default","workflowType":"TaskWorkflow","workflowExecution":{"workflowId":"historical-completed","runId":"01a0b919-4250-7c25-b776-60bd3a9b4ea9"},"activityId":"2","activityType":"requestApprovalIfNeeded","input":[{"metadata":{"encoding":"anNvbi9wbGFpbg=="},"data":"eyJ0YXNrSWQiOiJmaXh0dXJlLWNvbXBsZXRlZCIsInRlbmFudElkIjoic3ludGhldGljLXRlbmFudCIsInVzZXJJZCI6InN5bnRoZXRpYy11c2VyIiwia2luZCI6ImVjaG8iLCJpbnB1dCI6eyJtZXNzYWdlIjoic3ludGhldGljIGxvY2FsIGNoZWNrbGlzdCIsInN0ZXBzIjoxfX0="},{"metadata":{"encoding":"anNvbi9wbGFpbg=="},"data":"eyJpbmRleCI6MCwidG9vbElkIjoibm9vcC5lY2hvIiwicmlzayI6IlJFQUQiLCJzdXJmYWNlIjoiY2xvdWQiLCJtZXNzYWdlIjoi5Yem55CG44GX44Gm44GE44G+44GZICgxLzEpIiwiYXJncyI6eyJtZXNzYWdlIjoic3ludGhldGljIGxvY2FsIGNoZWNrbGlzdCIsInN0ZXAiOjB9fQ=="}],"scheduledTime":{"seconds":"1789811835","nanos":515252000},"currentAttemptScheduledTime":{"seconds":"1789811842","nanos":534692000},"startedTime":{"seconds":"1789811842","nanos":536992000},"attempt":4,"scheduleToCloseTimeout":{},"startToCloseTimeout":{"seconds":"30"},"heartbeatTimeout":{},"retryPolicy":{"initialInterval":{"seconds":"1"},"backoffCoefficient":2,"maximumInterval":{"seconds":"100"},"maximumAttempts":10,"nonRetryableErrorTypes":["TaskGone"]}}}',
  taskEncoded: 'CowBCiQwMWEwYjkxOS0zZjQwLTcyNTktOGJiMy1mZmZkYmFmNzEwMTkSFGhpc3RvcmljYWwtY29tcGxldGVkGiQwMWEwYjkxOS00MjUwLTdjMjUtYjc3Ni02MGJkM2E5YjRlYTkgCygEMgEyQhdyZXF1ZXN0QXBwcm92YWxJZk5lZWRlZEoICAEQtIBAGAEavwQKB2RlZmF1bHQSDFRhc2tXb3JrZmxvdxo8ChRoaXN0b3JpY2FsLWNvbXBsZXRlZBIkMDFhMGI5MTktNDI1MC03YzI1LWI3NzYtNjBiZDNhOWI0ZWE5IgEyKhdyZXF1ZXN0QXBwcm92YWxJZk5lZWRlZDq5AQoWCghlbmNvZGluZxIKanNvbi9wbGFpbhKeAXsidGFza0lkIjoiZml4dHVyZS1jb21wbGV0ZWQiLCJ0ZW5hbnRJZCI6InN5bnRoZXRpYy10ZW5hbnQiLCJ1c2VySWQiOiJzeW50aGV0aWMtdXNlciIsImtpbmQiOiJlY2hvIiwiaW5wdXQiOnsibWVzc2FnZSI6InN5bnRoZXRpYyBsb2NhbCBjaGVja2xpc3QiLCJzdGVwcyI6MX19OrsBChYKCGVuY29kaW5nEgpqc29uL3BsYWluEqABeyJpbmRleCI6MCwidG9vbElkIjoibm9vcC5lY2hvIiwicmlzayI6IlJFQUQiLCJzdXJmYWNlIjoiY2xvdWQiLCJtZXNzYWdlIjoi5Yem55CG44GX44Gm44GE44G+44GZICgxLzEpIiwiYXJncyI6eyJtZXNzYWdlIjoic3ludGhldGljIGxvY2FsIGNoZWNrbGlzdCIsInN0ZXAiOjB9fUoMCPu4udUGEKC+2PUBUgwIgrm51QYQoIH7/gFaDAiCubnVBhCAsoeAAmAEagByAggeegCCAR0KAggBEQAAAAAAAABAGgIIZCAKKghUYXNrR29uZQ=='
}
2026-09-19T09:57:30.546Z [ERROR] Error while processing ActivityTask.start: Activity function requestApprovalIfNeeded is not registered on this Worker, available activities: ["startTask","executeStep","composeArtifact","completeTask","cancelTask"] {
  sdkComponent: 'worker',
  taskQueue: 'genie-previous-revision-replay',
  isLocal: false,
  attempt: 5,
  namespace: 'default',
  taskToken: 'CiQwMWEwYjkxOS0zZjQwLTcyNTktOGJiMy1mZmZkYmFmNzEwMTkSFGhpc3RvcmljYWwtY29tcGxldGVkGiQwMWEwYjkxOS00MjUwLTdjMjUtYjc3Ni02MGJkM2E5YjRlYTkgCygFMgEyQhdyZXF1ZXN0QXBwcm92YWxJZk5lZWRlZEoICAEQt4BAGAE=',
  activityId: '2',
  activityType: 'requestApprovalIfNeeded',
  workflowId: 'historical-completed',
  workflowRunId: '01a0b919-4250-7c25-b776-60bd3a9b4ea9',
  workflowType: 'TaskWorkflow',
  error: ApplicationFailure: Activity function requestApprovalIfNeeded is not registered on this Worker, available activities: ["startTask","executeStep","composeArtifact","completeTask","cancelTask"]
      at ApplicationFailure.create (/Users/shuhei/Projects/genie/node_modules/.pnpm/@temporalio+common@1.22.0/node_modules/@temporalio/common/src/failure.ts:227:12)
      at /Users/shuhei/Projects/genie/node_modules/.pnpm/@temporalio+worker@1.22.0/node_modules/@temporalio/worker/src/worker.ts:1103:48 {
    cause: undefined,
    failure: undefined,
    type: 'NotFoundError',
    nonRetryable: false,
    details: undefined,
    nextRetryDelay: undefined,
    category: undefined
  },
  task: '{"taskToken":"CiQwMWEwYjkxOS0zZjQwLTcyNTktOGJiMy1mZmZkYmFmNzEwMTkSFGhpc3RvcmljYWwtY29tcGxldGVkGiQwMWEwYjkxOS00MjUwLTdjMjUtYjc3Ni02MGJkM2E5YjRlYTkgCygFMgEyQhdyZXF1ZXN0QXBwcm92YWxJZk5lZWRlZEoICAEQt4BAGAE=","start":{"workflowNamespace":"default","workflowType":"TaskWorkflow","workflowExecution":{"workflowId":"historical-completed","runId":"01a0b919-4250-7c25-b776-60bd3a9b4ea9"},"activityId":"2","activityType":"requestApprovalIfNeeded","input":[{"metadata":{"encoding":"anNvbi9wbGFpbg=="},"data":"eyJ0YXNrSWQiOiJmaXh0dXJlLWNvbXBsZXRlZCIsInRlbmFudElkIjoic3ludGhldGljLXRlbmFudCIsInVzZXJJZCI6InN5bnRoZXRpYy11c2VyIiwia2luZCI6ImVjaG8iLCJpbnB1dCI6eyJtZXNzYWdlIjoic3ludGhldGljIGxvY2FsIGNoZWNrbGlzdCIsInN0ZXBzIjoxfX0="},{"metadata":{"encoding":"anNvbi9wbGFpbg=="},"data":"eyJpbmRleCI6MCwidG9vbElkIjoibm9vcC5lY2hvIiwicmlzayI6IlJFQUQiLCJzdXJmYWNlIjoiY2xvdWQiLCJtZXNzYWdlIjoi5Yem55CG44GX44Gm44GE44G+44GZICgxLzEpIiwiYXJncyI6eyJtZXNzYWdlIjoic3ludGhldGljIGxvY2FsIGNoZWNrbGlzdCIsInN0ZXAiOjB9fQ=="}],"scheduledTime":{"seconds":"1789811835","nanos":515252000},"currentAttemptScheduledTime":{"seconds":"1789811850","nanos":540878000},"startedTime":{"seconds":"1789811850","nanos":543526000},"attempt":5,"scheduleToCloseTimeout":{},"startToCloseTimeout":{"seconds":"30"},"heartbeatTimeout":{},"retryPolicy":{"initialInterval":{"seconds":"1"},"backoffCoefficient":2,"maximumInterval":{"seconds":"100"},"maximumAttempts":10,"nonRetryableErrorTypes":["TaskGone"]}}}',
  taskEncoded: 'CowBCiQwMWEwYjkxOS0zZjQwLTcyNTktOGJiMy1mZmZkYmFmNzEwMTkSFGhpc3RvcmljYWwtY29tcGxldGVkGiQwMWEwYjkxOS00MjUwLTdjMjUtYjc3Ni02MGJkM2E5YjRlYTkgCygFMgEyQhdyZXF1ZXN0QXBwcm92YWxJZk5lZWRlZEoICAEQt4BAGAEavwQKB2RlZmF1bHQSDFRhc2tXb3JrZmxvdxo8ChRoaXN0b3JpY2FsLWNvbXBsZXRlZBIkMDFhMGI5MTktNDI1MC03YzI1LWI3NzYtNjBiZDNhOWI0ZWE5IgEyKhdyZXF1ZXN0QXBwcm92YWxJZk5lZWRlZDq5AQoWCghlbmNvZGluZxIKanNvbi9wbGFpbhKeAXsidGFza0lkIjoiZml4dHVyZS1jb21wbGV0ZWQiLCJ0ZW5hbnRJZCI6InN5bnRoZXRpYy10ZW5hbnQiLCJ1c2VySWQiOiJzeW50aGV0aWMtdXNlciIsImtpbmQiOiJlY2hvIiwiaW5wdXQiOnsibWVzc2FnZSI6InN5bnRoZXRpYyBsb2NhbCBjaGVja2xpc3QiLCJzdGVwcyI6MX19OrsBChYKCGVuY29kaW5nEgpqc29uL3BsYWluEqABeyJpbmRleCI6MCwidG9vbElkIjoibm9vcC5lY2hvIiwicmlzayI6IlJFQUQiLCJzdXJmYWNlIjoiY2xvdWQiLCJtZXNzYWdlIjoi5Yem55CG44GX44Gm44GE44G+44GZICgxLzEpIiwiYXJncyI6eyJtZXNzYWdlIjoic3ludGhldGljIGxvY2FsIGNoZWNrbGlzdCIsInN0ZXAiOjB9fUoMCPu4udUGEKC+2PUBUgwIirm51QYQsMn0gQJaDAiKubnVBhDwmJaDAmAFagByAggeegCCAR0KAggBEQAAAAAAAABAGgIIZCAKKghUYXNrR29uZQ=='
}
2026-09-19T09:57:46.554Z [ERROR] Error while processing ActivityTask.start: Activity function requestApprovalIfNeeded is not registered on this Worker, available activities: ["startTask","executeStep","composeArtifact","completeTask","cancelTask"] {
  sdkComponent: 'worker',
  taskQueue: 'genie-previous-revision-replay',
  isLocal: false,
  attempt: 6,
  namespace: 'default',
  taskToken: 'CiQwMWEwYjkxOS0zZjQwLTcyNTktOGJiMy1mZmZkYmFmNzEwMTkSFGhpc3RvcmljYWwtY29tcGxldGVkGiQwMWEwYjkxOS00MjUwLTdjMjUtYjc3Ni02MGJkM2E5YjRlYTkgCygGMgEyQhdyZXF1ZXN0QXBwcm92YWxJZk5lZWRlZEoICAEQuoBAGAE=',
  activityId: '2',
  activityType: 'requestApprovalIfNeeded',
  workflowId: 'historical-completed',
  workflowRunId: '01a0b919-4250-7c25-b776-60bd3a9b4ea9',
  workflowType: 'TaskWorkflow',
  error: ApplicationFailure: Activity function requestApprovalIfNeeded is not registered on this Worker, available activities: ["startTask","executeStep","composeArtifact","completeTask","cancelTask"]
      at ApplicationFailure.create (/Users/shuhei/Projects/genie/node_modules/.pnpm/@temporalio+common@1.22.0/node_modules/@temporalio/common/src/failure.ts:227:12)
      at /Users/shuhei/Projects/genie/node_modules/.pnpm/@temporalio+worker@1.22.0/node_modules/@temporalio/worker/src/worker.ts:1103:48 {
    cause: undefined,
    failure: undefined,
    type: 'NotFoundError',
    nonRetryable: false,
    details: undefined,
    nextRetryDelay: undefined,
    category: undefined
  },
  task: '{"taskToken":"CiQwMWEwYjkxOS0zZjQwLTcyNTktOGJiMy1mZmZkYmFmNzEwMTkSFGhpc3RvcmljYWwtY29tcGxldGVkGiQwMWEwYjkxOS00MjUwLTdjMjUtYjc3Ni02MGJkM2E5YjRlYTkgCygGMgEyQhdyZXF1ZXN0QXBwcm92YWxJZk5lZWRlZEoICAEQuoBAGAE=","start":{"workflowNamespace":"default","workflowType":"TaskWorkflow","workflowExecution":{"workflowId":"historical-completed","runId":"01a0b919-4250-7c25-b776-60bd3a9b4ea9"},"activityId":"2","activityType":"requestApprovalIfNeeded","input":[{"metadata":{"encoding":"anNvbi9wbGFpbg=="},"data":"eyJ0YXNrSWQiOiJmaXh0dXJlLWNvbXBsZXRlZCIsInRlbmFudElkIjoic3ludGhldGljLXRlbmFudCIsInVzZXJJZCI6InN5bnRoZXRpYy11c2VyIiwia2luZCI6ImVjaG8iLCJpbnB1dCI6eyJtZXNzYWdlIjoic3ludGhldGljIGxvY2FsIGNoZWNrbGlzdCIsInN0ZXBzIjoxfX0="},{"metadata":{"encoding":"anNvbi9wbGFpbg=="},"data":"eyJpbmRleCI6MCwidG9vbElkIjoibm9vcC5lY2hvIiwicmlzayI6IlJFQUQiLCJzdXJmYWNlIjoiY2xvdWQiLCJtZXNzYWdlIjoi5Yem55CG44GX44Gm44GE44G+44GZICgxLzEpIiwiYXJncyI6eyJtZXNzYWdlIjoic3ludGhldGljIGxvY2FsIGNoZWNrbGlzdCIsInN0ZXAiOjB9fQ=="}],"scheduledTime":{"seconds":"1789811835","nanos":515252000},"currentAttemptScheduledTime":{"seconds":"1789811866","nanos":547417000},"startedTime":{"seconds":"1789811866","nanos":551230000},"attempt":6,"scheduleToCloseTimeout":{},"startToCloseTimeout":{"seconds":"30"},"heartbeatTimeout":{},"retryPolicy":{"initialInterval":{"seconds":"1"},"backoffCoefficient":2,"maximumInterval":{"seconds":"100"},"maximumAttempts":10,"nonRetryableErrorTypes":["TaskGone"]}}}',
  taskEncoded: 'CowBCiQwMWEwYjkxOS0zZjQwLTcyNTktOGJiMy1mZmZkYmFmNzEwMTkSFGhpc3RvcmljYWwtY29tcGxldGVkGiQwMWEwYjkxOS00MjUwLTdjMjUtYjc3Ni02MGJkM2E5YjRlYTkgCygGMgEyQhdyZXF1ZXN0QXBwcm92YWxJZk5lZWRlZEoICAEQuoBAGAEavwQKB2RlZmF1bHQSDFRhc2tXb3JrZmxvdxo8ChRoaXN0b3JpY2FsLWNvbXBsZXRlZBIkMDFhMGI5MTktNDI1MC03YzI1LWI3NzYtNjBiZDNhOWI0ZWE5IgEyKhdyZXF1ZXN0QXBwcm92YWxJZk5lZWRlZDq5AQoWCghlbmNvZGluZxIKanNvbi9wbGFpbhKeAXsidGFza0lkIjoiZml4dHVyZS1jb21wbGV0ZWQiLCJ0ZW5hbnRJZCI6InN5bnRoZXRpYy10ZW5hbnQiLCJ1c2VySWQiOiJzeW50aGV0aWMtdXNlciIsImtpbmQiOiJlY2hvIiwiaW5wdXQiOnsibWVzc2FnZSI6InN5bnRoZXRpYyBsb2NhbCBjaGVja2xpc3QiLCJzdGVwcyI6MX19OrsBChYKCGVuY29kaW5nEgpqc29uL3BsYWluEqABeyJpbmRleCI6MCwidG9vbElkIjoibm9vcC5lY2hvIiwicmlzayI6IlJFQUQiLCJzdXJmYWNlIjoiY2xvdWQiLCJtZXNzYWdlIjoi5Yem55CG44GX44Gm44GE44G+44GZICgxLzEpIiwiYXJncyI6eyJtZXNzYWdlIjoic3ludGhldGljIGxvY2FsIGNoZWNrbGlzdCIsInN0ZXAiOjB9fUoMCPu4udUGEKC+2PUBUgwImrm51QYQqNeDhQJaDAiaubnVBhCwtOyGAmAGagByAggeegCCAR0KAggBEQAAAAAAAABAGgIIZCAKKghUYXNrR29uZQ=='
}
/Users/shuhei/Projects/genie/services/task:
 ERR_PNPM_RECURSIVE_RUN_FIRST_FAIL  @genie/service-task@0.0.0 test: `vitest run --passWithNoTests test/replay-history.test.ts`
Exit status 143
