✔ lost task acceptance reuses the same persisted identity and never approves (2.164791ms)
✔ an unrelated approval or non-order task cannot be approved through the order command (0.319958ms)
✔ approval submission does not claim an order was accepted (0.163375ms)
✔ both food demos and paper fill require independent persisted receipt; preparing never confirms (199.849458ms)
✔ unconfirmed click stays unknown across runtime restart and never clicks again (32.747667ms)
✔ fictional catalog cannot be used for live identities, custom items, or prices above the supplied budget (11.147042ms)
✔ revoking a claimed task aborts the native helper consent wait without input, and leaves reconciliation-only history (330.292459ms)
✔ prepare pins exact quote; submit writes a durable private claim before one provider input and preserves accepted status (25.39025ms)
✔ approval binds complete exact args including destination, budget, quantity, and requested time (5.140791ms)
✔ invalid money, currency/content substitutions, expired quotes, and over-budget totals never reach submit (9.573125ms)
✔ inspection changes, approval expiry, and cancellation stop before the attempt claim (7.469375ms)
✔ unknown delivery is durable across new runtime and task IDs; submit can only reconcile it (22.555833ms)
✔ authorization deadline is propagated to the adapter and aborts in-flight submit without resending (251.796708ms)
✔ provider receipts must match quote identity, paid total, destination, options, and execution mode (116.660833ms)
✔ live provider and request-supplied URLs are unsupported; read-only reconcile never creates an order (1.508709ms)
✔ paper stock remains simulation and distinguishes acceptance, partial fills, full fills, and cancelled partials (157.365875ms)
✔ durable receipt history rejects changed provider order IDs, regressed state, and lost partial executions (94.138666ms)
✔ multiple processes atomically claim the same order once; a crash after provider acceptance recovers read-only (537.140875ms)
✔ a corrupt durable claim blocks a fresh attempt rather than silently forgetting it (22.864208ms)
ℹ tests 19
ℹ suites 0
ℹ pass 19
ℹ fail 0
ℹ cancelled 0
ℹ skipped 0
ℹ todo 0
ℹ duration_ms 1718.25

 RUN  v3.2.7 /Users/shuhei/Projects/genie/services/conversation

 ✓ test/lane.test.ts (15 tests) 5ms
 ✓ test/transaction-request.test.ts (14 tests) 5ms

 Test Files  2 passed (2)
      Tests  29 passed (29)
   Start at  01:29:35
   Duration  441ms (transform 189ms, setup 0ms, collect 303ms, tests 10ms, environment 0ms, prepare 83ms)


 RUN  v3.2.7 /Users/shuhei/Projects/genie/services/task

 ✓ test/transaction-plan.test.ts (9 tests) 9ms
 ✓ test/transaction-artifact.test.ts (6 tests) 11ms
 ✓ test/transaction-workflow.test.ts (8 tests) 9ms
2026-10-01T16:29:37.965Z [INFO] asset workflow-bundle-51aafb1b2dda254d073b.js 1.65 MiB [emitted] [immutable] (name: main)
runtime modules 1.34 KiB 4 modules
modules by path ../../node_modules/.pnpm/ 438 KiB
  modules by path ../../node_modules/.pnpm/@temporalio+common@1.22.0/node_modules/@temporal...(truncated) 161 KiB 35 modules
  modules by path ../../node_modules/.pnpm/@temporalio+workflow@1.22.0/node_modules/@tempor...(truncated) 202 KiB 26 modules
  modules by path ../../node_modules/.pnpm/nexus-rpc@0.0.2/node_modules/nexus-rpc/lib/ 22.3 KiB 13 modules
  ../../node_modules/.pnpm/long@5.3.2/node_modules/long/umd/index.js 49.8 KiB [built] [code generated]
  ../../node_modules/.pnpm/ms@3.0.0-canary.1/node_modules/ms/dist/index.cjs 3.41 KiB [built] [code generated]
modules by path ./src/ 56.8 KiB
  ./src/workflows-autogenerated-entrypoint.cjs 502 bytes [built] [code generated]
  ./src/workflows.ts 20.6 KiB [built] [code generated]
  ./src/plan.ts 35.7 KiB [built] [code generated]
optional modules 30 bytes [optional]
  __temporal_custom_payload_converter (ignored) 15 bytes [optional] [built] [code generated]
  __temporal_custom_failure_converter (ignored) 15 bytes [optional] [built] [code generated]
webpack 5.109.2 compiled successfully in 328 ms { sdkComponent: 'worker', taskQueue: 'fake_replay_queue-0' }
2026-10-01T16:29:37.967Z [INFO] Workflow bundle created {
  sdkComponent: 'worker',
  taskQueue: 'fake_replay_queue-0',
  size: '1.64MB'
}
2026-10-01T16:29:37.995Z [INFO] Worker state changed {
  sdkComponent: 'worker',
  taskQueue: 'fake_replay_queue-0',
  state: 'RUNNING'
}
2026-10-01T16:29:38.024Z [INFO] Worker state changed {
  sdkComponent: 'worker',
  taskQueue: 'fake_replay_queue-0',
  state: 'STOPPING'
}
2026-10-01T16:29:38.024Z [INFO] Worker state changed {
  sdkComponent: 'worker',
  taskQueue: 'fake_replay_queue-0',
  state: 'DRAINING'
}
2026-10-01T16:29:38.024Z [INFO] Worker state changed {
  sdkComponent: 'worker',
  taskQueue: 'fake_replay_queue-0',
  state: 'DRAINED'
}
2026-10-01T16:29:38.024Z [INFO] Worker state changed {
  sdkComponent: 'worker',
  taskQueue: 'fake_replay_queue-0',
  state: 'STOPPED'
}
2026-10-01T16:29:38.174Z [INFO] asset workflow-bundle-51aafb1b2dda254d073b.js 1.65 MiB [emitted] [immutable] (name: main)
runtime modules 1.34 KiB 4 modules
modules by path ../../node_modules/.pnpm/ 438 KiB
  modules by path ../../node_modules/.pnpm/@temporalio+common@1.22.0/node_modules/@temporal...(truncated) 161 KiB 35 modules
  modules by path ../../node_modules/.pnpm/@temporalio+workflow@1.22.0/node_modules/@tempor...(truncated) 202 KiB 26 modules
  modules by path ../../node_modules/.pnpm/nexus-rpc@0.0.2/node_modules/nexus-rpc/lib/ 22.3 KiB 13 modules
  ../../node_modules/.pnpm/long@5.3.2/node_modules/long/umd/index.js 49.8 KiB [built] [code generated]
  ../../node_modules/.pnpm/ms@3.0.0-canary.1/node_modules/ms/dist/index.cjs 3.41 KiB [built] [code generated]
modules by path ./src/ 56.8 KiB
  ./src/workflows-autogenerated-entrypoint.cjs 502 bytes [built] [code generated]
  ./src/workflows.ts 20.6 KiB [built] [code generated]
  ./src/plan.ts 35.7 KiB [built] [code generated]
optional modules 30 bytes [optional]
  __temporal_custom_payload_converter (ignored) 15 bytes [optional] [built] [code generated]
  __temporal_custom_failure_converter (ignored) 15 bytes [optional] [built] [code generated]
webpack 5.109.2 compiled successfully in 137 ms { sdkComponent: 'worker', taskQueue: 'fake_replay_queue-1' }
2026-10-01T16:29:38.175Z [INFO] Workflow bundle created {
  sdkComponent: 'worker',
  taskQueue: 'fake_replay_queue-1',
  size: '1.64MB'
}
2026-10-01T16:29:38.186Z [INFO] Worker state changed {
  sdkComponent: 'worker',
  taskQueue: 'fake_replay_queue-1',
  state: 'RUNNING'
}
2026-10-01T16:29:38.197Z [INFO] Worker state changed {
  sdkComponent: 'worker',
  taskQueue: 'fake_replay_queue-1',
  state: 'STOPPING'
}
2026-10-01T16:29:38.197Z [INFO] Worker state changed {
  sdkComponent: 'worker',
  taskQueue: 'fake_replay_queue-1',
  state: 'DRAINING'
}
2026-10-01T16:29:38.197Z [INFO] Worker state changed {
  sdkComponent: 'worker',
  taskQueue: 'fake_replay_queue-1',
  state: 'DRAINED'
}
2026-10-01T16:29:38.198Z [INFO] Worker state changed {
  sdkComponent: 'worker',
  taskQueue: 'fake_replay_queue-1',
  state: 'STOPPED'
}
 ✓ test/replay-history.test.ts (3 tests | 1 skipped) 895ms
   ✓ previous-revision workflow replay with old void terminal activities > replays completed history without nondeterminism  721ms

 Test Files  4 passed (4)
      Tests  25 passed | 1 skipped (26)
   Start at  01:29:36
   Duration  1.28s (transform 256ms, setup 0ms, collect 951ms, tests 923ms, environment 0ms, prepare 143ms)


 RUN  v3.2.7 /Users/shuhei/Projects/genie/workers/task-worker

 ✓ test/approval-proof.test.ts (4 tests) 4ms

 Test Files  1 passed (1)
      Tests  4 passed (4)
   Start at  01:29:38
   Duration  424ms (transform 116ms, setup 0ms, collect 223ms, tests 4ms, environment 0ms, prepare 36ms)


 RUN  v3.2.7 /Users/shuhei/Projects/genie/workers/agent-host

 ✓ test/step-transport.test.ts (3 tests) 5ms
 ✓ test/step-loop.test.ts (18 tests) 79ms

 Test Files  2 passed (2)
      Tests  21 passed (21)
   Start at  01:29:40
   Duration  309ms (transform 57ms, setup 0ms, collect 70ms, tests 84ms, environment 0ms, prepare 72ms)


 RUN  v3.2.7 /Users/shuhei/Projects/genie/services/task

 ✓ test/transaction-approval.db.test.ts (4 tests) 290ms
 ✓ test/transaction-authorization-ledger.db.test.ts (7 tests) 776ms
   ✓ bounded authorization atomic ledger > serializes quota in independent processes and reserves at most the total budget and count  320ms

 Test Files  2 passed (2)
      Tests  11 passed (11)
   Start at  01:29:41
   Duration  1.63s (transform 354ms, setup 0ms, collect 1.42s, tests 1.07s, environment 0ms, prepare 78ms)


 RUN  v3.2.7 /Users/shuhei/Projects/genie/services/agent-host

 ✓ test/bridge.db.test.ts (19 tests) 295ms

 Test Files  1 passed (1)
      Tests  19 passed (19)
   Start at  01:29:43
   Duration  801ms (transform 125ms, setup 0ms, collect 296ms, tests 295ms, environment 0ms, prepare 38ms)


 RUN  v3.2.7 /Users/shuhei/Projects/genie/services/api-gateway

 ✓ test/host-bridge.test.ts (16 tests) 160ms
 ✓ test/transaction-authorizations.integration.test.ts (3 tests) 388ms
 ✓ test/conversations-transaction.integration.test.ts (15 tests) 646ms

 Test Files  3 passed (3)
      Tests  34 passed (34)
   Start at  01:29:44
   Duration  1.88s (transform 471ms, setup 0ms, collect 3.11s, tests 1.19s, environment 0ms, prepare 118ms)

TRANSACTION_REGRESSION_OK: code-level checks only; native/main-app and live-provider evidence are separate.
