time="2026-10-02T00:17:40+09:00" level=info msg="starting colima [profile=genie-transactions-20261002]"
time="2026-10-02T00:17:40+09:00" level=info msg="runtime: docker"
time="2026-10-02T00:17:40+09:00" level=info msg="creating and starting ..." context=vm
time="2026-10-02T00:17:40+09:00" level=info msg="Terminal is not available, proceeding without opening an editor"
time="2026-10-02T00:17:41+09:00" level=info msg="Starting the instance `colima-genie-transactions-20261002` with internal VM driver `vz`"
time="2026-10-02T00:17:41+09:00" level=info msg="Attempting to download the image" arch=aarch64 digest= location=/Users/shuhei/Library/Caches/colima/caches/b0992ab88f5a3c0c436bbb3065c01466f20dc1dd0eb0a60299d410176f21a1c3
time="2026-10-02T00:17:41+09:00" level=info msg="Decompressing the image (b0992ab88f5a3c0c436bbb3065c01466f20dc1dd0eb0a60299d410176f21a1c3)"
time="2026-10-02T00:17:41+09:00" level=info msg="decompressing  with external \"gzip\""
time="2026-10-02T00:17:43+09:00" level=info msg="Downloaded the image from `/Users/shuhei/Library/Caches/colima/caches/b0992ab88f5a3c0c436bbb3065c01466f20dc1dd0eb0a60299d410176f21a1c3`"
time="2026-10-02T00:17:43+09:00" level=info msg="Resize instance colima-genie-transactions-20261002's disk from 3.5GiB to 20GiB"
time="2026-10-02T00:17:44+09:00" level=info msg="[hostagent] hostagent socket created at /Users/shuhei/.colima/_lima/colima-genie-transactions-20261002/ha.sock"
time="2026-10-02T00:17:44+09:00" level=info msg="[hostagent] Starting VZ (hint: to watch the boot progress, see `/Users/shuhei/.colima/_lima/colima-genie-transactions-20261002/serial*.log`)"
time="2026-10-02T00:17:44+09:00" level=info msg="[hostagent] Mounting disk `colima-genie-transactions-20261002` on `/mnt/lima-colima-genie-transactions-20261002`"
time="2026-10-02T00:17:44+09:00" level=info msg="[hostagent] Converting `/Users/shuhei/.colima/_lima/_disks/colima-genie-transactions-20261002/datadisk` (raw) to a raw disk `/Users/shuhei/.colima/_lima/_disks/colima-genie-transactions-20261002/datadisk`"
time="2026-10-02T00:17:44+09:00" level=info msg="[hostagent] [VZ] - vm state change: running"
time="2026-10-02T00:17:49+09:00" level=info msg="[hostagent] SSH server does not seem to be running on vsock port, using usernet forwarder"
time="2026-10-02T00:17:50+09:00" level=info msg="SSH Local Port: 56586"
time="2026-10-02T00:17:50+09:00" level=info msg="[hostagent] Waiting for the essential requirement 1 of 3: `ssh`"
time="2026-10-02T00:17:50+09:00" level=info msg="[hostagent] The essential requirement 1 of 3 is satisfied"
time="2026-10-02T00:17:50+09:00" level=info msg="[hostagent] Waiting for the essential requirement 2 of 3: `user session is ready for ssh`"
time="2026-10-02T00:17:50+09:00" level=info msg="[hostagent] The essential requirement 2 of 3 is satisfied"
time="2026-10-02T00:17:50+09:00" level=info msg="[hostagent] Waiting for the essential requirement 3 of 3: `Explicitly start ssh ControlMaster`"
time="2026-10-02T00:17:50+09:00" level=info msg="[hostagent] The essential requirement 3 of 3 is satisfied"
time="2026-10-02T00:17:50+09:00" level=info msg="[hostagent] Waiting for the guest agent to be running"
time="2026-10-02T00:17:50+09:00" level=info msg="[hostagent] Forwarding `/var/run/docker.sock` (guest) to `/Users/shuhei/.colima/genie-transactions-20261002/docker.sock` (host)"
time="2026-10-02T00:17:51+09:00" level=info msg="[hostagent] Forwarding `/var/run/containerd/containerd.sock` (guest) to `/Users/shuhei/.colima/genie-transactions-20261002/containerd.sock` (host)"
time="2026-10-02T00:17:51+09:00" level=info msg="[hostagent] Guest agent is running"
time="2026-10-02T00:17:51+09:00" level=info msg="[hostagent] Waiting for the final requirement 1 of 1: `boot scripts must have finished`"
time="2026-10-02T00:17:51+09:00" level=info msg="[hostagent] Time sync: guest agent is alive, starting time synchronization"
time="2026-10-02T00:17:51+09:00" level=info msg="[hostagent] Not forwarding TCP 0.0.0.0:22"
time="2026-10-02T00:17:51+09:00" level=info msg="[hostagent] Not forwarding TCP [::]:22"
time="2026-10-02T00:18:00+09:00" level=info msg="[hostagent] The final requirement 1 of 1 is satisfied"
time="2026-10-02T00:18:00+09:00" level=info msg="READY. Run `limactl shell colima-genie-transactions-20261002` to open the shell."
installing: 386 OK
installing: amd64 OK
{
  "supported": [
    "linux/arm64",
    "linux/amd64",
    "linux/386"
  ],
  "emulators": [
    "python3.12",
    "qemu-i386",
    "qemu-x86_64"
  ]
}
time="2026-10-02T00:18:00+09:00" level=info msg="provisioning ..." context=docker
colima-genie-transactions-20261002
Successfully created context "colima-genie-transactions-20261002"
time="2026-10-02T00:18:02+09:00" level=info msg="starting ..." context=docker
time="2026-10-02T00:18:02+09:00" level=info msg=done
