
 RUN  v3.2.7 /Users/shuhei/Projects/genie

 ✓ services/task/test/terminal-workflow.test.ts (5 tests) 4ms
 ✓ packages/contracts/test/task.test.ts (13 tests) 7ms
 ✓ packages/contracts/test/events.test.ts (15 tests) 9ms
 ✓ services/task/test/transaction-workflow.test.ts (13 tests) 11ms
2026-10-01T17:10:27.199Z [INFO] asset workflow-bundle-e7c857e6c8a0708eaf07.js 1.66 MiB [emitted] [immutable] (name: main)
runtime modules 1.34 KiB 4 modules
modules by path ./node_modules/.pnpm/ 438 KiB
  modules by path ./node_modules/.pnpm/@temporalio+common@1.22.0/node_modules/@temporal...(truncated) 161 KiB 35 modules
  modules by path ./node_modules/.pnpm/@temporalio+workflow@1.22.0/node_modules/@tempor...(truncated) 202 KiB 26 modules
  modules by path ./node_modules/.pnpm/nexus-rpc@0.0.2/node_modules/nexus-rpc/lib/ 22.3 KiB 13 modules
  ./node_modules/.pnpm/long@5.3.2/node_modules/long/umd/index.js 49.8 KiB [built] [code generated]
  ./node_modules/.pnpm/ms@3.0.0-canary.1/node_modules/ms/dist/index.cjs 3.41 KiB [built] [code generated]
modules by path ./services/task/src/ 58.7 KiB
  ./services/task/src/workflows-autogenerated-entrypoint.cjs 502 bytes [built] [code generated]
  ./services/task/src/workflows.ts 22.5 KiB [built] [code generated]
  ./services/task/src/plan.ts 35.7 KiB [built] [code generated]
optional modules 30 bytes [optional]
  __temporal_custom_payload_converter (ignored) 15 bytes [optional] [built] [code generated]
  __temporal_custom_failure_converter (ignored) 15 bytes [optional] [built] [code generated]
webpack 5.109.2 compiled successfully in 297 ms { sdkComponent: 'worker', taskQueue: 'fake_replay_queue-0' }
2026-10-01T17:10:27.201Z [INFO] Workflow bundle created {
  sdkComponent: 'worker',
  taskQueue: 'fake_replay_queue-0',
  size: '1.65MB'
}
2026-10-01T17:10:27.228Z [INFO] Worker state changed {
  sdkComponent: 'worker',
  taskQueue: 'fake_replay_queue-0',
  state: 'RUNNING'
}
2026-10-01T17:10:27.259Z [INFO] Worker state changed {
  sdkComponent: 'worker',
  taskQueue: 'fake_replay_queue-0',
  state: 'STOPPING'
}
2026-10-01T17:10:27.259Z [INFO] Worker state changed {
  sdkComponent: 'worker',
  taskQueue: 'fake_replay_queue-0',
  state: 'DRAINING'
}
2026-10-01T17:10:27.259Z [INFO] Worker state changed {
  sdkComponent: 'worker',
  taskQueue: 'fake_replay_queue-0',
  state: 'DRAINED'
}
2026-10-01T17:10:27.260Z [INFO] Worker state changed {
  sdkComponent: 'worker',
  taskQueue: 'fake_replay_queue-0',
  state: 'STOPPED'
}
2026-10-01T17:10:27.431Z [INFO] asset workflow-bundle-e7c857e6c8a0708eaf07.js 1.66 MiB [emitted] [immutable] (name: main)
runtime modules 1.34 KiB 4 modules
modules by path ./node_modules/.pnpm/ 438 KiB
  modules by path ./node_modules/.pnpm/@temporalio+common@1.22.0/node_modules/@temporal...(truncated) 161 KiB 35 modules
  modules by path ./node_modules/.pnpm/@temporalio+workflow@1.22.0/node_modules/@tempor...(truncated) 202 KiB 26 modules
  modules by path ./node_modules/.pnpm/nexus-rpc@0.0.2/node_modules/nexus-rpc/lib/ 22.3 KiB 13 modules
  ./node_modules/.pnpm/long@5.3.2/node_modules/long/umd/index.js 49.8 KiB [built] [code generated]
  ./node_modules/.pnpm/ms@3.0.0-canary.1/node_modules/ms/dist/index.cjs 3.41 KiB [built] [code generated]
modules by path ./services/task/src/ 58.7 KiB
  ./services/task/src/workflows-autogenerated-entrypoint.cjs 502 bytes [built] [code generated]
  ./services/task/src/workflows.ts 22.5 KiB [built] [code generated]
  ./services/task/src/plan.ts 35.7 KiB [built] [code generated]
optional modules 30 bytes [optional]
  __temporal_custom_payload_converter (ignored) 15 bytes [optional] [built] [code generated]
  __temporal_custom_failure_converter (ignored) 15 bytes [optional] [built] [code generated]
webpack 5.109.2 compiled successfully in 159 ms { sdkComponent: 'worker', taskQueue: 'fake_replay_queue-1' }
2026-10-01T17:10:27.432Z [INFO] Workflow bundle created {
  sdkComponent: 'worker',
  taskQueue: 'fake_replay_queue-1',
  size: '1.65MB'
}
2026-10-01T17:10:27.445Z [INFO] Worker state changed {
  sdkComponent: 'worker',
  taskQueue: 'fake_replay_queue-1',
  state: 'RUNNING'
}
2026-10-01T17:10:27.456Z [INFO] Worker state changed {
  sdkComponent: 'worker',
  taskQueue: 'fake_replay_queue-1',
  state: 'STOPPING'
}
2026-10-01T17:10:27.456Z [INFO] Worker state changed {
  sdkComponent: 'worker',
  taskQueue: 'fake_replay_queue-1',
  state: 'DRAINING'
}
2026-10-01T17:10:27.456Z [INFO] Worker state changed {
  sdkComponent: 'worker',
  taskQueue: 'fake_replay_queue-1',
  state: 'DRAINED'
}
2026-10-01T17:10:27.456Z [INFO] Worker state changed {
  sdkComponent: 'worker',
  taskQueue: 'fake_replay_queue-1',
  state: 'STOPPED'
}
 ✓ services/task/test/replay-history.test.ts (3 tests | 1 skipped) 734ms
   ✓ previous-revision workflow replay with old void terminal activities > replays completed history without nondeterminism  538ms

 Test Files  5 passed (5)
      Tests  48 passed | 1 skipped (49)
   Start at  02:10:26
   Duration  1.34s (transform 303ms, setup 0ms, collect 819ms, tests 765ms, environment 1ms, prepare 195ms)

