✔ lost task acceptance reuses the same persisted identity and never approves (2.294833ms)
✔ an unrelated approval or non-order task cannot be approved through the order command (0.342709ms)
✔ approval submission does not claim an order was accepted (0.1575ms)
✔ two orders retain one owned PID/window with distinct load handshakes and normal begin calls (9.813583ms)
✔ queued cancellation is prompt, skips its load and does not interrupt the active order (5.073333ms)
✔ active cancellation stops only its owned session and a subsequent order creates a new PID (3.889584ms)
✔ a changed native window under the same PID is refused before another begin or click (3.364375ms)
✔ wrong captured window and unattended helper are never clicked (4.045666ms)
✔ idle expiry closes the old process and never resurrects its PID (44.816041ms)
✔ device cleanup failure still terminates the owned window (7.685167ms)
✔ both food demos and paper fill require independent persisted receipt; preparing never confirms (204.971834ms)
✔ unconfirmed click stays unknown across runtime restart and never clicks again (35.094916ms)
✔ fictional catalog cannot be used for live identities, custom items, or prices above the supplied budget (11.680375ms)
✔ revoking a claimed task aborts the native helper consent wait without input, and leaves reconciliation-only history (386.688708ms)
✔ prepare pins exact quote; submit writes a durable private claim before one provider input and preserves accepted status (25.109916ms)
✔ approval binds complete exact args including destination, budget, quantity, and requested time (5.245417ms)
✔ invalid money, currency/content substitutions, expired quotes, and over-budget totals never reach submit (11.581125ms)
✔ inspection changes, approval expiry, and cancellation stop before the attempt claim (6.019917ms)
✔ unknown delivery is durable across new runtime and task IDs; submit can only reconcile it (25.951084ms)
✔ authorization deadline is propagated to the adapter and aborts in-flight submit without resending (252.095375ms)
✔ provider receipts must match quote identity, paid total, destination, options, and execution mode (114.788708ms)
✔ live provider and request-supplied URLs are unsupported; read-only reconcile never creates an order (1.939792ms)
✔ paper stock remains simulation and distinguishes acceptance, partial fills, full fills, and cancelled partials (158.323167ms)
✔ durable receipt history rejects changed provider order IDs, regressed state, and lost partial executions (99.541083ms)
✔ multiple processes atomically claim the same order once; a crash after provider acceptance recovers read-only (537.892958ms)
✔ a corrupt durable claim blocks a fresh attempt rather than silently forgetting it (23.308125ms)
ℹ tests 26
ℹ suites 0
ℹ pass 26
ℹ fail 0
ℹ cancelled 0
ℹ skipped 0
ℹ todo 0
ℹ duration_ms 1779.076375

 RUN  v3.2.7 /Users/shuhei/Projects/genie/packages/contracts

 ✓ test/transaction-authorization.test.ts (3 tests) 17ms

 Test Files  1 passed (1)
      Tests  3 passed (3)
   Start at  02:11:51
   Duration  297ms (transform 45ms, setup 0ms, collect 74ms, tests 17ms, environment 0ms, prepare 37ms)


 RUN  v3.2.7 /Users/shuhei/Projects/genie/services/conversation

 ✓ test/lane.test.ts (15 tests) 5ms
 ✓ test/transaction-request.test.ts (14 tests) 4ms

 Test Files  2 passed (2)
      Tests  29 passed (29)
   Start at  02:11:52
   Duration  440ms (transform 151ms, setup 0ms, collect 277ms, tests 10ms, environment 0ms, prepare 74ms)


 RUN  v3.2.7 /Users/shuhei/Projects/genie/services/task

 ✓ test/transaction-artifact.test.ts (6 tests) 11ms
 ✓ test/transaction-plan.test.ts (9 tests) 10ms
 ✓ test/transaction-workflow.test.ts (13 tests) 11ms
2026-10-01T17:11:54.480Z [INFO] asset workflow-bundle-b825468dc5ac913e65ce.js 1.66 MiB [emitted] [immutable] (name: main)
runtime modules 1.34 KiB 4 modules
modules by path ../../node_modules/.pnpm/ 438 KiB
  modules by path ../../node_modules/.pnpm/@temporalio+common@1.22.0/node_modules/@temporal...(truncated) 161 KiB 35 modules
  modules by path ../../node_modules/.pnpm/@temporalio+workflow@1.22.0/node_modules/@tempor...(truncated) 202 KiB 26 modules
  modules by path ../../node_modules/.pnpm/nexus-rpc@0.0.2/node_modules/nexus-rpc/lib/ 22.3 KiB 13 modules
  ../../node_modules/.pnpm/long@5.3.2/node_modules/long/umd/index.js 49.8 KiB [built] [code generated]
  ../../node_modules/.pnpm/ms@3.0.0-canary.1/node_modules/ms/dist/index.cjs 3.41 KiB [built] [code generated]
modules by path ./src/ 58.7 KiB
  ./src/workflows-autogenerated-entrypoint.cjs 502 bytes [built] [code generated]
  ./src/workflows.ts 22.5 KiB [built] [code generated]
  ./src/plan.ts 35.7 KiB [built] [code generated]
optional modules 30 bytes [optional]
  __temporal_custom_payload_converter (ignored) 15 bytes [optional] [built] [code generated]
  __temporal_custom_failure_converter (ignored) 15 bytes [optional] [built] [code generated]
webpack 5.109.2 compiled successfully in 302 ms { sdkComponent: 'worker', taskQueue: 'fake_replay_queue-0' }
2026-10-01T17:11:54.482Z [INFO] Workflow bundle created {
  sdkComponent: 'worker',
  taskQueue: 'fake_replay_queue-0',
  size: '1.65MB'
}
2026-10-01T17:11:54.509Z [INFO] Worker state changed {
  sdkComponent: 'worker',
  taskQueue: 'fake_replay_queue-0',
  state: 'RUNNING'
}
2026-10-01T17:11:54.539Z [INFO] Worker state changed {
  sdkComponent: 'worker',
  taskQueue: 'fake_replay_queue-0',
  state: 'STOPPING'
}
2026-10-01T17:11:54.539Z [INFO] Worker state changed {
  sdkComponent: 'worker',
  taskQueue: 'fake_replay_queue-0',
  state: 'DRAINING'
}
2026-10-01T17:11:54.540Z [INFO] Worker state changed {
  sdkComponent: 'worker',
  taskQueue: 'fake_replay_queue-0',
  state: 'DRAINED'
}
2026-10-01T17:11:54.540Z [INFO] Worker state changed {
  sdkComponent: 'worker',
  taskQueue: 'fake_replay_queue-0',
  state: 'STOPPED'
}
2026-10-01T17:11:54.703Z [INFO] asset workflow-bundle-b825468dc5ac913e65ce.js 1.66 MiB [emitted] [immutable] (name: main)
runtime modules 1.34 KiB 4 modules
modules by path ../../node_modules/.pnpm/ 438 KiB
  modules by path ../../node_modules/.pnpm/@temporalio+common@1.22.0/node_modules/@temporal...(truncated) 161 KiB 35 modules
  modules by path ../../node_modules/.pnpm/@temporalio+workflow@1.22.0/node_modules/@tempor...(truncated) 202 KiB 26 modules
  modules by path ../../node_modules/.pnpm/nexus-rpc@0.0.2/node_modules/nexus-rpc/lib/ 22.3 KiB 13 modules
  ../../node_modules/.pnpm/long@5.3.2/node_modules/long/umd/index.js 49.8 KiB [built] [code generated]
  ../../node_modules/.pnpm/ms@3.0.0-canary.1/node_modules/ms/dist/index.cjs 3.41 KiB [built] [code generated]
modules by path ./src/ 58.7 KiB
  ./src/workflows-autogenerated-entrypoint.cjs 502 bytes [built] [code generated]
  ./src/workflows.ts 22.5 KiB [built] [code generated]
  ./src/plan.ts 35.7 KiB [built] [code generated]
optional modules 30 bytes [optional]
  __temporal_custom_payload_converter (ignored) 15 bytes [optional] [built] [code generated]
  __temporal_custom_failure_converter (ignored) 15 bytes [optional] [built] [code generated]
webpack 5.109.2 compiled successfully in 150 ms { sdkComponent: 'worker', taskQueue: 'fake_replay_queue-1' }
2026-10-01T17:11:54.704Z [INFO] Workflow bundle created {
  sdkComponent: 'worker',
  taskQueue: 'fake_replay_queue-1',
  size: '1.65MB'
}
2026-10-01T17:11:54.716Z [INFO] Worker state changed {
  sdkComponent: 'worker',
  taskQueue: 'fake_replay_queue-1',
  state: 'RUNNING'
}
2026-10-01T17:11:54.727Z [INFO] Worker state changed {
  sdkComponent: 'worker',
  taskQueue: 'fake_replay_queue-1',
  state: 'STOPPING'
}
2026-10-01T17:11:54.727Z [INFO] Worker state changed {
  sdkComponent: 'worker',
  taskQueue: 'fake_replay_queue-1',
  state: 'DRAINING'
}
2026-10-01T17:11:54.727Z [INFO] Worker state changed {
  sdkComponent: 'worker',
  taskQueue: 'fake_replay_queue-1',
  state: 'DRAINED'
}
2026-10-01T17:11:54.727Z [INFO] Worker state changed {
  sdkComponent: 'worker',
  taskQueue: 'fake_replay_queue-1',
  state: 'STOPPED'
}
 ✓ test/replay-history.test.ts (3 tests | 1 skipped) 730ms
   ✓ previous-revision workflow replay with old void terminal activities > replays completed history without nondeterminism  543ms

 Test Files  4 passed (4)
      Tests  30 passed | 1 skipped (31)
   Start at  02:11:53
   Duration  1.14s (transform 259ms, setup 0ms, collect 991ms, tests 762ms, environment 0ms, prepare 161ms)


 RUN  v3.2.7 /Users/shuhei/Projects/genie/workers/task-worker

 ✓ test/approval-proof.test.ts (4 tests) 4ms

 Test Files  1 passed (1)
      Tests  4 passed (4)
   Start at  02:11:55
   Duration  490ms (transform 128ms, setup 0ms, collect 266ms, tests 4ms, environment 0ms, prepare 37ms)


 RUN  v3.2.7 /Users/shuhei/Projects/genie/workers/agent-host

 ✓ test/step-transport.test.ts (3 tests) 5ms
 ✓ test/step-loop.test.ts (18 tests) 80ms

 Test Files  2 passed (2)
      Tests  21 passed (21)
   Start at  02:11:56
   Duration  330ms (transform 68ms, setup 0ms, collect 84ms, tests 85ms, environment 0ms, prepare 73ms)


 RUN  v3.2.7 /Users/shuhei/Projects/genie/services/task

 ✓ test/transaction-approval.db.test.ts (6 tests) 368ms
 ✓ test/transaction-authorization-ledger.db.test.ts (8 tests) 802ms
   ✓ bounded authorization atomic ledger > serializes quota in independent processes and reserves at most the total budget and count  313ms

 Test Files  2 passed (2)
      Tests  14 passed (14)
   Start at  02:11:57
   Duration  1.40s (transform 250ms, setup 0ms, collect 885ms, tests 1.17s, environment 0ms, prepare 69ms)


 RUN  v3.2.7 /Users/shuhei/Projects/genie/services/agent-host

 ✓ test/bridge.db.test.ts (19 tests) 361ms

 Test Files  1 passed (1)
      Tests  19 passed (19)
   Start at  02:11:59
   Duration  880ms (transform 132ms, setup 0ms, collect 308ms, tests 361ms, environment 0ms, prepare 38ms)


 RUN  v3.2.7 /Users/shuhei/Projects/genie/services/api-gateway

 ✓ test/host-bridge.test.ts (16 tests) 163ms
 ✓ test/transaction-authorizations.integration.test.ts (4 tests) 407ms
 ✓ test/conversations-transaction.integration.test.ts (15 tests) 563ms

 Test Files  3 passed (3)
      Tests  35 passed (35)
   Start at  02:12:01
   Duration  1.77s (transform 497ms, setup 0ms, collect 3.00s, tests 1.13s, environment 0ms, prepare 96ms)

TRANSACTION_REGRESSION_OK: code-level checks only; native/main-app and live-provider evidence are separate.
